COMMAND: cargo test -p daemar-card --test behavior -- --name The console is script-free and self-contained 
CWD: /Users/kendall/code/github/daemar
   Compiling daemar-card v0.1.0 (/Users/kendall/code/github/daemar/crates/daemar-card)
    Finished `test` profile [unoptimized + debuginfo] target(s) in 1.45s
     Running tests/behavior.rs (target/debug/deps/behavior-59d729ca70be0cf7)
Feature: The operator reads Cards on a local Queue First console
  Scenario: The console is script-free and self-contained
   ✔  Given an open Card with 1 appended decision
   ✘  And the console is running
      Step failed:
      Defined: tests/features/console.feature:409:5
      Matched: crates/daemar-card/tests/behavior/console/mod.rs:806:1
      Step panicked. Captured output: the console exited instead of serving
      status: ExitStatus(unix_wait_status(256))
      stdout: 
      stderr: {"error":{"category":"unavailable","message":"cannot bind 127.0.0.1:0"}}
[Summary]
1 feature
1 scenario (1 failed)
2 steps (1 passed, 1 failed)

thread 'main' (38469870) panicked at /Users/kendall/.cargo/registry/src/index.crates.io-1949cf8c6b5b557f/cucumber-0.21.1/src/cucumber.rs:1287:13:
1 step failed
note: run with `RUST_BACKTRACE=1` environment variable to display a backtrace
error: test failed, to rerun pass `-p daemar-card --test behavior`
COMMAND_EXIT=101
