COMMAND: cargo test -p daemar-card --test behavior -- --name The console is script-free and self-contained 
CWD: /Users/kendall/code/github/daemar
   Compiling daemar-card v0.1.0 (/Users/kendall/code/github/daemar/crates/daemar-card)
    Finished `test` profile [unoptimized + debuginfo] target(s) in 2.05s
     Running tests/behavior.rs (target/debug/deps/behavior-59d729ca70be0cf7)
Feature: The operator reads Cards on a local Queue First console
  Scenario: The console is script-free and self-contained
   ✔  Given an open Card with 1 appended decision
   ✔  And the console is running
   ✔  When the queue page, the Card page, the entry inspector, a 404 page, and a 421 response are requested
   ✔  Then no response body contains a script element
   ✔  And no response body contains an inline event handler attribute
   ✔  And no response body contains an embedded document, a base element, or inline CSS
   ✔  And every URL referenced from any response body is same-origin
   ✔  And the only referenced asset is one stylesheet at a local path
   ✔  And requesting that stylesheet returns 200 with a CSS content type
[Summary]
1 feature
1 scenario (1 passed)
9 steps (9 passed)
COMMAND_EXIT=0
