COMMAND: cargo test -p daemar-card --test behavior -- --name An unknown Card is a 404 page with the queue|A corrupt row is a 500 that fabricates nothing 
CWD: /Users/kendall/code/github/daemar
    Finished `test` profile [unoptimized + debuginfo] target(s) in 0.07s
     Running tests/behavior.rs (target/debug/deps/behavior-59d729ca70be0cf7)
Feature: The operator reads Cards on a local Queue First console
  Scenario: An unknown Card is a 404 page with the queue
   ✔  Given a Card titled "Known"
   ✔  And the console is running
   ✔  When the Card page for an unknown Card ID is requested
   ✔  Then the response status is 404
   ✔  And the page says the Card was not found
   ✔  And the queue still lists the Card titled "Known"
   ✔  And no Card identity or stream is shown
  Scenario: A corrupt row is a 500 that fabricates nothing
   ✔  Given an open Card with 2 appended decisions
   ✔  And the console is running
   ✔  And the payload of the entry at sequence 2 is corrupted in storage to invalid JSON
   ✔  When the Card page is requested
   ✔  Then the response status is 500
   ✔  And the page says storage failed
   ✔  And the page shows no stream rows and no inspector
   ✔  And the page shows no fabricated default in place of the corrupt payload
   ✔  And the queue still lists that Card
[Summary]
1 feature
2 scenarios (2 passed)
16 steps (16 passed)
COMMAND_EXIT=0
