COMMAND: just check 
CWD: /Users/kendall/code/github/daemar
scripts/check.sh
Running 5 tests

----------- Case Details -----------
PASS no-string-literal-dispatch  ...................
PASS no-stringly-typed-field  .................
PASS no-box-dyn-error  .......................
PASS no-allow-attributes  ..........................
PASS ignore-discipline  ............

test result: ok. 5 passed; 0 failed;
docs/execution/per-84/run2-task3-continuation-console-before-tests.rs
help[unused-suppression]: Unused 'ast-grep-ignore' directive.
@@ -285,7 +285,7 @@
286 286│         sequence: u64,
287 287│         schema_version: u32,
288 288│         entry_type: crate::EntryType,
289    │-        // ast-grep-ignore: no-stringly-typed-field -- producer identity is opaque durable text in the domain
    289│+        
290 290│         producer_id: String,
291 291│         producer_kind: crate::ProducerKind,
292 292│         recorded_at: String,
Diff in /Users/kendall/code/github/daemar/crates/daemar-card/tests/behavior/console/dom.rs:8:
 //! Provisional until the typed skeleton is approved; each name is used
 //! from exactly one constant so a skeleton-time rename touches one site.
 
[31m-use html5ever::ParseOpts;
(B[m use html5ever::tendril::TendrilSink as _;
[32m+use html5ever::ParseOpts;
(B[m use markup5ever_rcdom::{Handle, NodeData, RcDom};
 
 /// `data-role` values: the landmarks of the screen.
Diff in /Users/kendall/code/github/daemar/crates/daemar-card/tests/behavior/console/http.rs:12:
 
 use serde_json::Value;
 
[31m-use crate::{CARD_BIN, Run};
(B[m[32m+use crate::{Run, CARD_BIN};
(B[m 
 /// How long a startup line may take to appear before the scenario fails.
 const STARTUP_TIMEOUT: Duration = Duration::from_secs(15);
Diff in /Users/kendall/code/github/daemar/crates/daemar-card/tests/behavior/console/mod.rs:28:
 use tempfile::TempDir;
 use url::Url;
 
[31m-use crate::{CardWorld, TempDb, run_card_command};
(B[m[31m-use dom::{Document, El, field, role};
(B[m[32m+use crate::{run_card_command, CardWorld, TempDb};
(B[m[32m+use dom::{field, role, Document, El};
(B[m use http::{Console, Request, Response, Started};
 
 /// The embedded migration set, for fixtures that must stop short of it
error: recipe `check` failed on line 12 with exit code 1
COMMAND_EXIT=1
