COMMAND: just check 
CWD: /Users/kendall/code/github/daemar
scripts/check.sh
Running 5 tests

----------- Case Details -----------
PASS no-string-literal-dispatch  ...................
PASS no-stringly-typed-field  .................
PASS no-box-dyn-error  .......................
PASS no-allow-attributes  ..........................
PASS ignore-discipline  ............

test result: ok. 5 passed; 0 failed;
docs/execution/per-84/run2-task3-continuation-console-before-tests.rs
help[unused-suppression]: Unused 'ast-grep-ignore' directive.
@@ -285,7 +285,7 @@
286 286│         sequence: u64,
287 287│         schema_version: u32,
288 288│         entry_type: crate::EntryType,
289    │-        // ast-grep-ignore: no-stringly-typed-field -- producer identity is opaque durable text in the domain
    289│+        
290 290│         producer_id: String,
291 291│         producer_kind: crate::ProducerKind,
292 292│         recorded_at: String,
    Checking daemar-card v0.1.0 (/Users/kendall/code/github/daemar/crates/daemar-card)
error: indexing into a string may panic if the index is within a UTF-8 character
   --> crates/daemar-card/tests/behavior/console/mod.rs:630:29
    |
630 |     if target.len() < 3 || !target[..3].eq_ignore_ascii_case("url") {
    |                             ^^^^^^^^^^^
    |
    = help: for further information visit https://rust-lang.github.io/rust-clippy/rust-1.95.0/index.html#string_slice
    = note: requested on the command line with `-D clippy::string-slice`

error: indexing into a string may panic if the index is within a UTF-8 character
   --> crates/daemar-card/tests/behavior/console/mod.rs:633:18
    |
633 |     let target = target[3..].trim_start();
    |                  ^^^^^^^^^^^
    |
    = help: for further information visit https://rust-lang.github.io/rust-clippy/rust-1.95.0/index.html#string_slice

error: indexing into a string may panic if the index is within a UTF-8 character
   --> crates/daemar-card/tests/behavior/console/mod.rs:638:10
    |
638 |         &target[1..target.len() - 1]
    |          ^^^^^^^^^^^^^^^^^^^^^^^^^^^
    |
    = help: for further information visit https://rust-lang.github.io/rust-clippy/rust-1.95.0/index.html#string_slice

error: could not compile `daemar-card` (test "behavior") due to 3 previous errors
error: recipe `check` failed on line 12 with exit code 101
COMMAND_EXIT=101
