COMMAND: just check 
CWD: /Users/kendall/code/github/daemar
scripts/check.sh
Running 5 tests

----------- Case Details -----------
PASS no-string-literal-dispatch  ...................
PASS no-stringly-typed-field  .................
PASS no-box-dyn-error  .......................
PASS no-allow-attributes  ..........................
PASS ignore-discipline  ............

test result: ok. 5 passed; 0 failed;
docs/execution/per-84/run2-task3-continuation-console-before-tests.rs
help[unused-suppression]: Unused 'ast-grep-ignore' directive.
@@ -285,7 +285,7 @@
286 286│         sequence: u64,
287 287│         schema_version: u32,
288 288│         entry_type: crate::EntryType,
289    │-        // ast-grep-ignore: no-stringly-typed-field -- producer identity is opaque durable text in the domain
    289│+        
290 290│         producer_id: String,
291 291│         producer_kind: crate::ProducerKind,
292 292│         recorded_at: String,
    Checking daemar-card v0.1.0 (/Users/kendall/code/github/daemar/crates/daemar-card)
    Finished `dev` profile [unoptimized + debuginfo] target(s) in 1.10s
2026-09-09 19:28:44 [ERROR] failed to acquire advisory database lock: failed to obtain lock file '/Users/kendall/.cargo/advisory-dbs/db.lock': attempted to take an exclusive lock on a read-only path
error: recipe `check` failed on line 12 with exit code 1
COMMAND_EXIT=1
