COMMAND: just browser 
CWD: /Users/kendall/code/github/daemar
cargo build -p daemar-card --bin card
    Finished `dev` profile [unoptimized + debuginfo] target(s) in 0.06s
cd browser && npx playwright test

Running 11 tests using 9 workers

(node:99479) ExperimentalWarning: SQLite is an experimental feature and might change at any time
(Use `node --trace-warnings ...` to show where the warning was created)
(node:99486) Warning: The 'NO_COLOR' env is ignored due to the 'FORCE_COLOR' env being set.
(Use `node --trace-warnings ...` to show where the warning was created)
(node:99480) Warning: The 'NO_COLOR' env is ignored due to the 'FORCE_COLOR' env being set.
(Use `node --trace-warnings ...` to show where the warning was created)
(node:99481) Warning: The 'NO_COLOR' env is ignored due to the 'FORCE_COLOR' env being set.
(Use `node --trace-warnings ...` to show where the warning was created)
(node:99485) Warning: The 'NO_COLOR' env is ignored due to the 'FORCE_COLOR' env being set.
(Use `node --trace-warnings ...` to show where the warning was created)
(node:99483) Warning: The 'NO_COLOR' env is ignored due to the 'FORCE_COLOR' env being set.
(Use `node --trace-warnings ...` to show where the warning was created)
(node:99487) Warning: The 'NO_COLOR' env is ignored due to the 'FORCE_COLOR' env being set.
(Use `node --trace-warnings ...` to show where the warning was created)
(node:99488) Warning: The 'NO_COLOR' env is ignored due to the 'FORCE_COLOR' env being set.
(Use `node --trace-warnings ...` to show where the warning was created)
(node:99484) Warning: The 'NO_COLOR' env is ignored due to the 'FORCE_COLOR' env being set.
(Use `node --trace-warnings ...` to show where the warning was created)
(node:99482) Warning: The 'NO_COLOR' env is ignored due to the 'FORCE_COLOR' env being set.
(Use `node --trace-warnings ...` to show where the warning was created)
(node:99486) ExperimentalWarning: SQLite is an experimental feature and might change at any time
(node:99480) ExperimentalWarning: SQLite is an experimental feature and might change at any time
(node:99481) ExperimentalWarning: SQLite is an experimental feature and might change at any time
(node:99485) ExperimentalWarning: SQLite is an experimental feature and might change at any time
(node:99483) ExperimentalWarning: SQLite is an experimental feature and might change at any time
(node:99482) ExperimentalWarning: SQLite is an experimental feature and might change at any time
(node:99488) ExperimentalWarning: SQLite is an experimental feature and might change at any time
(node:99484) ExperimentalWarning: SQLite is an experimental feature and might change at any time
(node:99487) ExperimentalWarning: SQLite is an experimental feature and might change at any time
  ✘   3 [chromium] › tests/console.spec.ts:221:7 › S3-B6 the inspector is reachable by clicking and its envelope is visible › browser back from the inspector returns to the Card page with no inspector (0ms)
  ✘   2 [chromium] › tests/console.spec.ts:83:9 › S3-B8 the console is self-contained in a real browser › loading the queue page fetches exactly the page and one stylesheet, with no errors (0ms)
  ✘   1 [chromium] › tests/console.spec.ts:256:7 › S3-B9 failures are visible and fabricate nothing › a corrupt entry is a visible storage-failed page that keeps the queue and fabricates nothing (0ms)
  ✘   4 [chromium] › tests/console.spec.ts:83:9 › S3-B8 the console is self-contained in a real browser › loading an entry inspector fetches exactly the page and one stylesheet, with no errors (0ms)
  ✘   5 [chromium] › tests/console.spec.ts:181:7 › S3-B6 the inspector is reachable by clicking and its envelope is visible › clicking a stream row's inspect link lands on the entry route with a visible envelope (0ms)
  ✘   6 [chromium] › tests/console.spec.ts:148:7 › S3-B4/B5 the operator can read the queue and the stream › every stream row is visible with its sequence, summary, and provenance (0ms)
  ✘   7 [chromium] › tests/console.spec.ts:83:9 › S3-B8 the console is self-contained in a real browser › loading a Card page fetches exactly the page and one stylesheet, with no errors (0ms)
  ✘   8 [chromium] › tests/console.spec.ts:240:7 › S3-B9 failures are visible and fabricate nothing › an unknown Card is a visible not-found page with the queue and no Card identity (0ms)
  ✘   9 [chromium] › tests/console.spec.ts:119:7 › S3-B4/B5 the operator can read the queue and the stream › every queue row's title, task key, and last activity are visible and match the record (0ms)
(node:99498) Warning: The 'NO_COLOR' env is ignored due to the 'FORCE_COLOR' env being set.
(Use `node --trace-warnings ...` to show where the warning was created)
(node:99499) Warning: The 'NO_COLOR' env is ignored due to the 'FORCE_COLOR' env being set.
(Use `node --trace-warnings ...` to show where the warning was created)
(node:99499) ExperimentalWarning: SQLite is an experimental feature and might change at any time
(node:99498) ExperimentalWarning: SQLite is an experimental feature and might change at any time
  ✘  11 [chromium] › tests/console.spec.ts:299:7 › S3-B9 failures are visible and fabricate nothing › an empty, migrated store shows a visibly empty queue (0ms)
  ✘  10 [chromium] › tests/console.spec.ts:279:7 › S3-B9 failures are visible and fabricate nothing › a queue the console cannot read is a visible storage-failed page with no queue (0ms)


  1) [chromium] › tests/console.spec.ts:83:9 › S3-B8 the console is self-contained in a real browser › loading the queue page fetches exactly the page and one stylesheet, with no errors 

    Error: browserType.launch: Target page, context or browser has been closed
    Browser logs:

    <launching> /Users/kendall/Library/Caches/ms-playwright/chromium_headless_shell-1234/chrome-headless-shell-mac-arm64/chrome-headless-shell --disable-field-trial-config --disable-background-networking --disable-background-timer-throttling --disable-backgrounding-occluded-windows --disable-back-forward-cache --disable-breakpad --disable-client-side-phishing-detection --disable-component-extensions-with-background-pages --disable-component-update --no-default-browser-check --disable-default-apps --disable-dev-shm-usage --disable-edgeupdater --disable-extensions --disable-features=AvoidUnnecessaryBeforeUnloadCheckSync,BoundaryEventDispatchTracksNodeRemoval,DestroyProfileOnBrowserClose,DialMediaRouteProvider,GlobalMediaControls,HttpsUpgrades,LensOverlay,MediaRouter,PaintHolding,ThirdPartyStoragePartitioning,BlockOriginHeaderModificationOnRedirect,Translate,AutoDeElevate,OptimizationHints,msForceBrowserSignIn,msEdgeUpdateLaunchServicesPreferredVersion --enable-features=CDPScreenshotNewSurface --allow-pre-commit-input --disable-hang-monitor --disable-ipc-flooding-protection --disable-popup-blocking --disable-prompt-on-repost --disable-renderer-backgrounding --disable-updater-scheduler --force-color-profile=srgb --metrics-recording-only --no-first-run --password-store=basic --use-mock-keychain --no-service-autorun --export-tagged-pdf --disable-search-engine-choice-screen --unsafely-disable-devtools-self-xss-warnings --edge-skip-compat-layer-relaunch --disable-infobars --disable-search-engine-choice-screen --disable-sync --enable-unsafe-swiftshader --headless --hide-scrollbars --mute-audio --blink-settings=primaryHoverType=2,availableHoverTypes=2,primaryPointerType=4,availablePointerTypes=4 --no-sandbox --user-data-dir=/var/folders/x1/g145jd2n4d5fljwrks73vdtm0000gn/T/playwright_chromiumdev_profile-L9clP4 --remote-debugging-pipe --no-startup-window
    <launched> pid=99490
    [pid=99490][err] [0909/142916.803527:ERROR:base/power_monitor/thermal_state_observer_mac.mm:140] ThermalStateObserverMac unable to register to power notifications. Result: 9
    [pid=99490][err] [0909/142916.805329:ERROR:net/dns/dns_config_service_posix.cc:138] DNS config watch failed to start.
    [pid=99490][err] [0909/142916.806222:WARNING:net/dns/dns_config_service_posix.cc:197] Failed to read DnsConfig.
    [pid=99490][err] [0909/142916.807559:FATAL:base/apple/mach_port_rendezvous_mac.cc:159] Check failed: kr == KERN_SUCCESS. bootstrap_check_in org.chromium.Chromium.MachPortRendezvousServer.99490: Permission denied (1100)
    Call log:
      - <launching> /Users/kendall/Library/Caches/ms-playwright/chromium_headless_shell-1234/chrome-headless-shell-mac-arm64/chrome-headless-shell --disable-field-trial-config --disable-background-networking --disable-background-timer-throttling --disable-backgrounding-occluded-windows --disable-back-forward-cache --disable-breakpad --disable-client-side-phishing-detection --disable-component-extensions-with-background-pages --disable-component-update --no-default-browser-check --disable-default-apps --disable-dev-shm-usage --disable-edgeupdater --disable-extensions --disable-features=AvoidUnnecessaryBeforeUnloadCheckSync,BoundaryEventDispatchTracksNodeRemoval,DestroyProfileOnBrowserClose,DialMediaRouteProvider,GlobalMediaControls,HttpsUpgrades,LensOverlay,MediaRouter,PaintHolding,ThirdPartyStoragePartitioning,BlockOriginHeaderModificationOnRedirect,Translate,AutoDeElevate,OptimizationHints,msForceBrowserSignIn,msEdgeUpdateLaunchServicesPreferredVersion --enable-features=CDPScreenshotNewSurface --allow-pre-commit-input --disable-hang-monitor --disable-ipc-flooding-protection --disable-popup-blocking --disable-prompt-on-repost --disable-renderer-backgrounding --disable-updater-scheduler --force-color-profile=srgb --metrics-recording-only --no-first-run --password-store=basic --use-mock-keychain --no-service-autorun --export-tagged-pdf --disable-search-engine-choice-screen --unsafely-disable-devtools-self-xss-warnings --edge-skip-compat-layer-relaunch --disable-infobars --disable-search-engine-choice-screen --disable-sync --enable-unsafe-swiftshader --headless --hide-scrollbars --mute-audio --blink-settings=primaryHoverType=2,availableHoverTypes=2,primaryPointerType=4,availablePointerTypes=4 --no-sandbox --user-data-dir=/var/folders/x1/g145jd2n4d5fljwrks73vdtm0000gn/T/playwright_chromiumdev_profile-L9clP4 --remote-debugging-pipe --no-startup-window
      - <launched> pid=99490
      - [pid=99490][err] [0909/142916.803527:ERROR:base/power_monitor/thermal_state_observer_mac.mm:140] ThermalStateObserverMac unable to register to power notifications. Result: 9
      - [pid=99490][err] [0909/142916.805329:ERROR:net/dns/dns_config_service_posix.cc:138] DNS config watch failed to start.
      - [pid=99490][err] [0909/142916.806222:WARNING:net/dns/dns_config_service_posix.cc:197] Failed to read DnsConfig.
      - [pid=99490][err] [0909/142916.807559:FATAL:base/apple/mach_port_rendezvous_mac.cc:159] Check failed: kr == KERN_SUCCESS. bootstrap_check_in org.chromium.Chromium.MachPortRendezvousServer.99490: Permission denied (1100)
      - [pid=99490] <gracefully close start>
      - [pid=99490] <kill>
      - [pid=99490] <will force kill>
      - [pid=99490] exception while trying to kill process: Error: kill EPERM
      - [pid=99490] <process did exit: exitCode=null, signal=SIGTRAP>
      - [pid=99490] starting temporary directories cleanup
      - [pid=99490] finished temporary directories cleanup
      - [pid=99490] <gracefully close end>


    Error Context: test-results/console-S3-B8-the-console--9e4ba-e-stylesheet-with-no-errors-chromium/error-context.md

    attachment #2: trace (application/zip) ─────────────────────────────────────────────────────────
    test-results/console-S3-B8-the-console--9e4ba-e-stylesheet-with-no-errors-chromium/trace.zip
    Usage:

        npx playwright show-trace test-results/console-S3-B8-the-console--9e4ba-e-stylesheet-with-no-errors-chromium/trace.zip

    ────────────────────────────────────────────────────────────────────────────────────────────────

  2) [chromium] › tests/console.spec.ts:83:9 › S3-B8 the console is self-contained in a real browser › loading a Card page fetches exactly the page and one stylesheet, with no errors 

    Error: browserType.launch: Target page, context or browser has been closed
    Browser logs:

    <launching> /Users/kendall/Library/Caches/ms-playwright/chromium_headless_shell-1234/chrome-headless-shell-mac-arm64/chrome-headless-shell --disable-field-trial-config --disable-background-networking --disable-background-timer-throttling --disable-backgrounding-occluded-windows --disable-back-forward-cache --disable-breakpad --disable-client-side-phishing-detection --disable-component-extensions-with-background-pages --disable-component-update --no-default-browser-check --disable-default-apps --disable-dev-shm-usage --disable-edgeupdater --disable-extensions --disable-features=AvoidUnnecessaryBeforeUnloadCheckSync,BoundaryEventDispatchTracksNodeRemoval,DestroyProfileOnBrowserClose,DialMediaRouteProvider,GlobalMediaControls,HttpsUpgrades,LensOverlay,MediaRouter,PaintHolding,ThirdPartyStoragePartitioning,BlockOriginHeaderModificationOnRedirect,Translate,AutoDeElevate,OptimizationHints,msForceBrowserSignIn,msEdgeUpdateLaunchServicesPreferredVersion --enable-features=CDPScreenshotNewSurface --allow-pre-commit-input --disable-hang-monitor --disable-ipc-flooding-protection --disable-popup-blocking --disable-prompt-on-repost --disable-renderer-backgrounding --disable-updater-scheduler --force-color-profile=srgb --metrics-recording-only --no-first-run --password-store=basic --use-mock-keychain --no-service-autorun --export-tagged-pdf --disable-search-engine-choice-screen --unsafely-disable-devtools-self-xss-warnings --edge-skip-compat-layer-relaunch --disable-infobars --disable-search-engine-choice-screen --disable-sync --enable-unsafe-swiftshader --headless --hide-scrollbars --mute-audio --blink-settings=primaryHoverType=2,availableHoverTypes=2,primaryPointerType=4,availablePointerTypes=4 --no-sandbox --user-data-dir=/var/folders/x1/g145jd2n4d5fljwrks73vdtm0000gn/T/playwright_chromiumdev_profile-rZZkl2 --remote-debugging-pipe --no-startup-window
    <launched> pid=99497
    [pid=99497][err] [0909/142916.809057:ERROR:base/power_monitor/thermal_state_observer_mac.mm:140] ThermalStateObserverMac unable to register to power notifications. Result: 9
    [pid=99497][err] [0909/142916.810773:ERROR:net/dns/dns_config_service_posix.cc:138] DNS config watch failed to start.
    [pid=99497][err] [0909/142916.811362:FATAL:base/apple/mach_port_rendezvous_mac.cc:159] Check failed: kr == KERN_SUCCESS. bootstrap_check_in org.chromium.Chromium.MachPortRendezvousServer.99497: Permission denied (1100)
    Call log:
      - <launching> /Users/kendall/Library/Caches/ms-playwright/chromium_headless_shell-1234/chrome-headless-shell-mac-arm64/chrome-headless-shell --disable-field-trial-config --disable-background-networking --disable-background-timer-throttling --disable-backgrounding-occluded-windows --disable-back-forward-cache --disable-breakpad --disable-client-side-phishing-detection --disable-component-extensions-with-background-pages --disable-component-update --no-default-browser-check --disable-default-apps --disable-dev-shm-usage --disable-edgeupdater --disable-extensions --disable-features=AvoidUnnecessaryBeforeUnloadCheckSync,BoundaryEventDispatchTracksNodeRemoval,DestroyProfileOnBrowserClose,DialMediaRouteProvider,GlobalMediaControls,HttpsUpgrades,LensOverlay,MediaRouter,PaintHolding,ThirdPartyStoragePartitioning,BlockOriginHeaderModificationOnRedirect,Translate,AutoDeElevate,OptimizationHints,msForceBrowserSignIn,msEdgeUpdateLaunchServicesPreferredVersion --enable-features=CDPScreenshotNewSurface --allow-pre-commit-input --disable-hang-monitor --disable-ipc-flooding-protection --disable-popup-blocking --disable-prompt-on-repost --disable-renderer-backgrounding --disable-updater-scheduler --force-color-profile=srgb --metrics-recording-only --no-first-run --password-store=basic --use-mock-keychain --no-service-autorun --export-tagged-pdf --disable-search-engine-choice-screen --unsafely-disable-devtools-self-xss-warnings --edge-skip-compat-layer-relaunch --disable-infobars --disable-search-engine-choice-screen --disable-sync --enable-unsafe-swiftshader --headless --hide-scrollbars --mute-audio --blink-settings=primaryHoverType=2,availableHoverTypes=2,primaryPointerType=4,availablePointerTypes=4 --no-sandbox --user-data-dir=/var/folders/x1/g145jd2n4d5fljwrks73vdtm0000gn/T/playwright_chromiumdev_profile-rZZkl2 --remote-debugging-pipe --no-startup-window
      - <launched> pid=99497
      - [pid=99497][err] [0909/142916.809057:ERROR:base/power_monitor/thermal_state_observer_mac.mm:140] ThermalStateObserverMac unable to register to power notifications. Result: 9
      - [pid=99497][err] [0909/142916.810773:ERROR:net/dns/dns_config_service_posix.cc:138] DNS config watch failed to start.
      - [pid=99497][err] [0909/142916.811362:FATAL:base/apple/mach_port_rendezvous_mac.cc:159] Check failed: kr == KERN_SUCCESS. bootstrap_check_in org.chromium.Chromium.MachPortRendezvousServer.99497: Permission denied (1100)
      - [pid=99497] <gracefully close start>
      - [pid=99497] <kill>
      - [pid=99497] <will force kill>
      - [pid=99497] exception while trying to kill process: Error: kill EPERM
      - [pid=99497] <process did exit: exitCode=null, signal=SIGTRAP>
      - [pid=99497] starting temporary directories cleanup
      - [pid=99497] finished temporary directories cleanup
      - [pid=99497] <gracefully close end>


    Error Context: test-results/console-S3-B8-the-console--33b7b-e-stylesheet-with-no-errors-chromium/error-context.md

    attachment #2: trace (application/zip) ─────────────────────────────────────────────────────────
    test-results/console-S3-B8-the-console--33b7b-e-stylesheet-with-no-errors-chromium/trace.zip
    Usage:

        npx playwright show-trace test-results/console-S3-B8-the-console--33b7b-e-stylesheet-with-no-errors-chromium/trace.zip

    ────────────────────────────────────────────────────────────────────────────────────────────────

  3) [chromium] › tests/console.spec.ts:83:9 › S3-B8 the console is self-contained in a real browser › loading an entry inspector fetches exactly the page and one stylesheet, with no errors 

    Error: browserType.launch: Target page, context or browser has been closed
    Browser logs:

    <launching> /Users/kendall/Library/Caches/ms-playwright/chromium_headless_shell-1234/chrome-headless-shell-mac-arm64/chrome-headless-shell --disable-field-trial-config --disable-background-networking --disable-background-timer-throttling --disable-backgrounding-occluded-windows --disable-back-forward-cache --disable-breakpad --disable-client-side-phishing-detection --disable-component-extensions-with-background-pages --disable-component-update --no-default-browser-check --disable-default-apps --disable-dev-shm-usage --disable-edgeupdater --disable-extensions --disable-features=AvoidUnnecessaryBeforeUnloadCheckSync,BoundaryEventDispatchTracksNodeRemoval,DestroyProfileOnBrowserClose,DialMediaRouteProvider,GlobalMediaControls,HttpsUpgrades,LensOverlay,MediaRouter,PaintHolding,ThirdPartyStoragePartitioning,BlockOriginHeaderModificationOnRedirect,Translate,AutoDeElevate,OptimizationHints,msForceBrowserSignIn,msEdgeUpdateLaunchServicesPreferredVersion --enable-features=CDPScreenshotNewSurface --allow-pre-commit-input --disable-hang-monitor --disable-ipc-flooding-protection --disable-popup-blocking --disable-prompt-on-repost --disable-renderer-backgrounding --disable-updater-scheduler --force-color-profile=srgb --metrics-recording-only --no-first-run --password-store=basic --use-mock-keychain --no-service-autorun --export-tagged-pdf --disable-search-engine-choice-screen --unsafely-disable-devtools-self-xss-warnings --edge-skip-compat-layer-relaunch --disable-infobars --disable-search-engine-choice-screen --disable-sync --enable-unsafe-swiftshader --headless --hide-scrollbars --mute-audio --blink-settings=primaryHoverType=2,availableHoverTypes=2,primaryPointerType=4,availablePointerTypes=4 --no-sandbox --user-data-dir=/var/folders/x1/g145jd2n4d5fljwrks73vdtm0000gn/T/playwright_chromiumdev_profile-Uh9Vd0 --remote-debugging-pipe --no-startup-window
    <launched> pid=99493
    [pid=99493][err] [0909/142916.803584:ERROR:base/power_monitor/thermal_state_observer_mac.mm:140] ThermalStateObserverMac unable to register to power notifications. Result: 9
    [pid=99493][err] [0909/142916.805246:ERROR:net/dns/dns_config_service_posix.cc:138] DNS config watch failed to start.
    [pid=99493][err] [0909/142916.806180:WARNING:net/dns/dns_config_service_posix.cc:197] Failed to read DnsConfig.
    [pid=99493][err] [0909/142916.806269:FATAL:base/apple/mach_port_rendezvous_mac.cc:159] Check failed: kr == KERN_SUCCESS. bootstrap_check_in org.chromium.Chromium.MachPortRendezvousServer.99493: Permission denied (1100)
    [pid=99493] <process did exit: exitCode=null, signal=SIGTRAP>
    [pid=99493] starting temporary directories cleanup
    Call log:
      - <launching> /Users/kendall/Library/Caches/ms-playwright/chromium_headless_shell-1234/chrome-headless-shell-mac-arm64/chrome-headless-shell --disable-field-trial-config --disable-background-networking --disable-background-timer-throttling --disable-backgrounding-occluded-windows --disable-back-forward-cache --disable-breakpad --disable-client-side-phishing-detection --disable-component-extensions-with-background-pages --disable-component-update --no-default-browser-check --disable-default-apps --disable-dev-shm-usage --disable-edgeupdater --disable-extensions --disable-features=AvoidUnnecessaryBeforeUnloadCheckSync,BoundaryEventDispatchTracksNodeRemoval,DestroyProfileOnBrowserClose,DialMediaRouteProvider,GlobalMediaControls,HttpsUpgrades,LensOverlay,MediaRouter,PaintHolding,ThirdPartyStoragePartitioning,BlockOriginHeaderModificationOnRedirect,Translate,AutoDeElevate,OptimizationHints,msForceBrowserSignIn,msEdgeUpdateLaunchServicesPreferredVersion --enable-features=CDPScreenshotNewSurface --allow-pre-commit-input --disable-hang-monitor --disable-ipc-flooding-protection --disable-popup-blocking --disable-prompt-on-repost --disable-renderer-backgrounding --disable-updater-scheduler --force-color-profile=srgb --metrics-recording-only --no-first-run --password-store=basic --use-mock-keychain --no-service-autorun --export-tagged-pdf --disable-search-engine-choice-screen --unsafely-disable-devtools-self-xss-warnings --edge-skip-compat-layer-relaunch --disable-infobars --disable-search-engine-choice-screen --disable-sync --enable-unsafe-swiftshader --headless --hide-scrollbars --mute-audio --blink-settings=primaryHoverType=2,availableHoverTypes=2,primaryPointerType=4,availablePointerTypes=4 --no-sandbox --user-data-dir=/var/folders/x1/g145jd2n4d5fljwrks73vdtm0000gn/T/playwright_chromiumdev_profile-Uh9Vd0 --remote-debugging-pipe --no-startup-window
      - <launched> pid=99493
      - [pid=99493][err] [0909/142916.803584:ERROR:base/power_monitor/thermal_state_observer_mac.mm:140] ThermalStateObserverMac unable to register to power notifications. Result: 9
      - [pid=99493][err] [0909/142916.805246:ERROR:net/dns/dns_config_service_posix.cc:138] DNS config watch failed to start.
      - [pid=99493][err] [0909/142916.806180:WARNING:net/dns/dns_config_service_posix.cc:197] Failed to read DnsConfig.
      - [pid=99493][err] [0909/142916.806269:FATAL:base/apple/mach_port_rendezvous_mac.cc:159] Check failed: kr == KERN_SUCCESS. bootstrap_check_in org.chromium.Chromium.MachPortRendezvousServer.99493: Permission denied (1100)
      - [pid=99493] <process did exit: exitCode=null, signal=SIGTRAP>
      - [pid=99493] starting temporary directories cleanup
      - [pid=99493] <gracefully close start>
      - [pid=99493] <kill>
      - [pid=99493] <skipped force kill spawnedProcess.killed=false processClosed=true>
      - [pid=99493] finished temporary directories cleanup
      - [pid=99493] <gracefully close end>


    Error Context: test-results/console-S3-B8-the-console--04a26-e-stylesheet-with-no-errors-chromium/error-context.md

    attachment #2: trace (application/zip) ─────────────────────────────────────────────────────────
    test-results/console-S3-B8-the-console--04a26-e-stylesheet-with-no-errors-chromium/trace.zip
    Usage:

        npx playwright show-trace test-results/console-S3-B8-the-console--04a26-e-stylesheet-with-no-errors-chromium/trace.zip

    ────────────────────────────────────────────────────────────────────────────────────────────────

  4) [chromium] › tests/console.spec.ts:119:7 › S3-B4/B5 the operator can read the queue and the stream › every queue row's title, task key, and last activity are visible and match the record 

    Error: browserType.launch: Target page, context or browser has been closed
    Browser logs:

    <launching> /Users/kendall/Library/Caches/ms-playwright/chromium_headless_shell-1234/chrome-headless-shell-mac-arm64/chrome-headless-shell --disable-field-trial-config --disable-background-networking --disable-background-timer-throttling --disable-backgrounding-occluded-windows --disable-back-forward-cache --disable-breakpad --disable-client-side-phishing-detection --disable-component-extensions-with-background-pages --disable-component-update --no-default-browser-check --disable-default-apps --disable-dev-shm-usage --disable-edgeupdater --disable-extensions --disable-features=AvoidUnnecessaryBeforeUnloadCheckSync,BoundaryEventDispatchTracksNodeRemoval,DestroyProfileOnBrowserClose,DialMediaRouteProvider,GlobalMediaControls,HttpsUpgrades,LensOverlay,MediaRouter,PaintHolding,ThirdPartyStoragePartitioning,BlockOriginHeaderModificationOnRedirect,Translate,AutoDeElevate,OptimizationHints,msForceBrowserSignIn,msEdgeUpdateLaunchServicesPreferredVersion --enable-features=CDPScreenshotNewSurface --allow-pre-commit-input --disable-hang-monitor --disable-ipc-flooding-protection --disable-popup-blocking --disable-prompt-on-repost --disable-renderer-backgrounding --disable-updater-scheduler --force-color-profile=srgb --metrics-recording-only --no-first-run --password-store=basic --use-mock-keychain --no-service-autorun --export-tagged-pdf --disable-search-engine-choice-screen --unsafely-disable-devtools-self-xss-warnings --edge-skip-compat-layer-relaunch --disable-infobars --disable-search-engine-choice-screen --disable-sync --enable-unsafe-swiftshader --headless --hide-scrollbars --mute-audio --blink-settings=primaryHoverType=2,availableHoverTypes=2,primaryPointerType=4,availablePointerTypes=4 --no-sandbox --user-data-dir=/var/folders/x1/g145jd2n4d5fljwrks73vdtm0000gn/T/playwright_chromiumdev_profile-WQ9J7x --remote-debugging-pipe --no-startup-window
    <launched> pid=99496
    [pid=99496][err] [0909/142916.806461:ERROR:base/power_monitor/thermal_state_observer_mac.mm:140] ThermalStateObserverMac unable to register to power notifications. Result: 9
    [pid=99496][err] [0909/142916.808129:ERROR:net/dns/dns_config_service_posix.cc:138] DNS config watch failed to start.
    [pid=99496][err] [0909/142916.808780:WARNING:net/dns/dns_config_service_posix.cc:197] Failed to read DnsConfig.
    [pid=99496][err] [0909/142916.808945:FATAL:base/apple/mach_port_rendezvous_mac.cc:159] Check failed: kr == KERN_SUCCESS. bootstrap_check_in org.chromium.Chromium.MachPortRendezvousServer.99496: Permission denied (1100)
    Call log:
      - <launching> /Users/kendall/Library/Caches/ms-playwright/chromium_headless_shell-1234/chrome-headless-shell-mac-arm64/chrome-headless-shell --disable-field-trial-config --disable-background-networking --disable-background-timer-throttling --disable-backgrounding-occluded-windows --disable-back-forward-cache --disable-breakpad --disable-client-side-phishing-detection --disable-component-extensions-with-background-pages --disable-component-update --no-default-browser-check --disable-default-apps --disable-dev-shm-usage --disable-edgeupdater --disable-extensions --disable-features=AvoidUnnecessaryBeforeUnloadCheckSync,BoundaryEventDispatchTracksNodeRemoval,DestroyProfileOnBrowserClose,DialMediaRouteProvider,GlobalMediaControls,HttpsUpgrades,LensOverlay,MediaRouter,PaintHolding,ThirdPartyStoragePartitioning,BlockOriginHeaderModificationOnRedirect,Translate,AutoDeElevate,OptimizationHints,msForceBrowserSignIn,msEdgeUpdateLaunchServicesPreferredVersion --enable-features=CDPScreenshotNewSurface --allow-pre-commit-input --disable-hang-monitor --disable-ipc-flooding-protection --disable-popup-blocking --disable-prompt-on-repost --disable-renderer-backgrounding --disable-updater-scheduler --force-color-profile=srgb --metrics-recording-only --no-first-run --password-store=basic --use-mock-keychain --no-service-autorun --export-tagged-pdf --disable-search-engine-choice-screen --unsafely-disable-devtools-self-xss-warnings --edge-skip-compat-layer-relaunch --disable-infobars --disable-search-engine-choice-screen --disable-sync --enable-unsafe-swiftshader --headless --hide-scrollbars --mute-audio --blink-settings=primaryHoverType=2,availableHoverTypes=2,primaryPointerType=4,availablePointerTypes=4 --no-sandbox --user-data-dir=/var/folders/x1/g145jd2n4d5fljwrks73vdtm0000gn/T/playwright_chromiumdev_profile-WQ9J7x --remote-debugging-pipe --no-startup-window
      - <launched> pid=99496
      - [pid=99496][err] [0909/142916.806461:ERROR:base/power_monitor/thermal_state_observer_mac.mm:140] ThermalStateObserverMac unable to register to power notifications. Result: 9
      - [pid=99496][err] [0909/142916.808129:ERROR:net/dns/dns_config_service_posix.cc:138] DNS config watch failed to start.
      - [pid=99496][err] [0909/142916.808780:WARNING:net/dns/dns_config_service_posix.cc:197] Failed to read DnsConfig.
      - [pid=99496][err] [0909/142916.808945:FATAL:base/apple/mach_port_rendezvous_mac.cc:159] Check failed: kr == KERN_SUCCESS. bootstrap_check_in org.chromium.Chromium.MachPortRendezvousServer.99496: Permission denied (1100)
      - [pid=99496] <gracefully close start>
      - [pid=99496] <kill>
      - [pid=99496] <will force kill>
      - [pid=99496] exception while trying to kill process: Error: kill EPERM
      - [pid=99496] <process did exit: exitCode=null, signal=SIGTRAP>
      - [pid=99496] starting temporary directories cleanup
      - [pid=99496] finished temporary directories cleanup
      - [pid=99496] <gracefully close end>


    Error Context: test-results/console-S3-B4-B5-the-opera-77ef7-isible-and-match-the-record-chromium/error-context.md

    attachment #2: trace (application/zip) ─────────────────────────────────────────────────────────
    test-results/console-S3-B4-B5-the-opera-77ef7-isible-and-match-the-record-chromium/trace.zip
    Usage:

        npx playwright show-trace test-results/console-S3-B4-B5-the-opera-77ef7-isible-and-match-the-record-chromium/trace.zip

    ────────────────────────────────────────────────────────────────────────────────────────────────

  5) [chromium] › tests/console.spec.ts:148:7 › S3-B4/B5 the operator can read the queue and the stream › every stream row is visible with its sequence, summary, and provenance 

    Error: browserType.launch: Target page, context or browser has been closed
    Browser logs:

    <launching> /Users/kendall/Library/Caches/ms-playwright/chromium_headless_shell-1234/chrome-headless-shell-mac-arm64/chrome-headless-shell --disable-field-trial-config --disable-background-networking --disable-background-timer-throttling --disable-backgrounding-occluded-windows --disable-back-forward-cache --disable-breakpad --disable-client-side-phishing-detection --disable-component-extensions-with-background-pages --disable-component-update --no-default-browser-check --disable-default-apps --disable-dev-shm-usage --disable-edgeupdater --disable-extensions --disable-features=AvoidUnnecessaryBeforeUnloadCheckSync,BoundaryEventDispatchTracksNodeRemoval,DestroyProfileOnBrowserClose,DialMediaRouteProvider,GlobalMediaControls,HttpsUpgrades,LensOverlay,MediaRouter,PaintHolding,ThirdPartyStoragePartitioning,BlockOriginHeaderModificationOnRedirect,Translate,AutoDeElevate,OptimizationHints,msForceBrowserSignIn,msEdgeUpdateLaunchServicesPreferredVersion --enable-features=CDPScreenshotNewSurface --allow-pre-commit-input --disable-hang-monitor --disable-ipc-flooding-protection --disable-popup-blocking --disable-prompt-on-repost --disable-renderer-backgrounding --disable-updater-scheduler --force-color-profile=srgb --metrics-recording-only --no-first-run --password-store=basic --use-mock-keychain --no-service-autorun --export-tagged-pdf --disable-search-engine-choice-screen --unsafely-disable-devtools-self-xss-warnings --edge-skip-compat-layer-relaunch --disable-infobars --disable-search-engine-choice-screen --disable-sync --enable-unsafe-swiftshader --headless --hide-scrollbars --mute-audio --blink-settings=primaryHoverType=2,availableHoverTypes=2,primaryPointerType=4,availablePointerTypes=4 --no-sandbox --user-data-dir=/var/folders/x1/g145jd2n4d5fljwrks73vdtm0000gn/T/playwright_chromiumdev_profile-Mq0MOI --remote-debugging-pipe --no-startup-window
    <launched> pid=99494
    [pid=99494][err] [0909/142916.806376:ERROR:base/power_monitor/thermal_state_observer_mac.mm:140] ThermalStateObserverMac unable to register to power notifications. Result: 9
    [pid=99494][err] [0909/142916.808127:ERROR:net/dns/dns_config_service_posix.cc:138] DNS config watch failed to start.
    [pid=99494][err] [0909/142916.808782:WARNING:net/dns/dns_config_service_posix.cc:197] Failed to read DnsConfig.
    [pid=99494][err] [0909/142916.808920:FATAL:base/apple/mach_port_rendezvous_mac.cc:159] Check failed: kr == KERN_SUCCESS. bootstrap_check_in org.chromium.Chromium.MachPortRendezvousServer.99494: Permission denied (1100)
    Call log:
      - <launching> /Users/kendall/Library/Caches/ms-playwright/chromium_headless_shell-1234/chrome-headless-shell-mac-arm64/chrome-headless-shell --disable-field-trial-config --disable-background-networking --disable-background-timer-throttling --disable-backgrounding-occluded-windows --disable-back-forward-cache --disable-breakpad --disable-client-side-phishing-detection --disable-component-extensions-with-background-pages --disable-component-update --no-default-browser-check --disable-default-apps --disable-dev-shm-usage --disable-edgeupdater --disable-extensions --disable-features=AvoidUnnecessaryBeforeUnloadCheckSync,BoundaryEventDispatchTracksNodeRemoval,DestroyProfileOnBrowserClose,DialMediaRouteProvider,GlobalMediaControls,HttpsUpgrades,LensOverlay,MediaRouter,PaintHolding,ThirdPartyStoragePartitioning,BlockOriginHeaderModificationOnRedirect,Translate,AutoDeElevate,OptimizationHints,msForceBrowserSignIn,msEdgeUpdateLaunchServicesPreferredVersion --enable-features=CDPScreenshotNewSurface --allow-pre-commit-input --disable-hang-monitor --disable-ipc-flooding-protection --disable-popup-blocking --disable-prompt-on-repost --disable-renderer-backgrounding --disable-updater-scheduler --force-color-profile=srgb --metrics-recording-only --no-first-run --password-store=basic --use-mock-keychain --no-service-autorun --export-tagged-pdf --disable-search-engine-choice-screen --unsafely-disable-devtools-self-xss-warnings --edge-skip-compat-layer-relaunch --disable-infobars --disable-search-engine-choice-screen --disable-sync --enable-unsafe-swiftshader --headless --hide-scrollbars --mute-audio --blink-settings=primaryHoverType=2,availableHoverTypes=2,primaryPointerType=4,availablePointerTypes=4 --no-sandbox --user-data-dir=/var/folders/x1/g145jd2n4d5fljwrks73vdtm0000gn/T/playwright_chromiumdev_profile-Mq0MOI --remote-debugging-pipe --no-startup-window
      - <launched> pid=99494
      - [pid=99494][err] [0909/142916.806376:ERROR:base/power_monitor/thermal_state_observer_mac.mm:140] ThermalStateObserverMac unable to register to power notifications. Result: 9
      - [pid=99494][err] [0909/142916.808127:ERROR:net/dns/dns_config_service_posix.cc:138] DNS config watch failed to start.
      - [pid=99494][err] [0909/142916.808782:WARNING:net/dns/dns_config_service_posix.cc:197] Failed to read DnsConfig.
      - [pid=99494][err] [0909/142916.808920:FATAL:base/apple/mach_port_rendezvous_mac.cc:159] Check failed: kr == KERN_SUCCESS. bootstrap_check_in org.chromium.Chromium.MachPortRendezvousServer.99494: Permission denied (1100)
      - [pid=99494] <gracefully close start>
      - [pid=99494] <kill>
      - [pid=99494] <will force kill>
      - [pid=99494] exception while trying to kill process: Error: kill EPERM
      - [pid=99494] <process did exit: exitCode=null, signal=SIGTRAP>
      - [pid=99494] starting temporary directories cleanup
      - [pid=99494] finished temporary directories cleanup
      - [pid=99494] <gracefully close end>


    Error Context: test-results/console-S3-B4-B5-the-opera-20426-ence-summary-and-provenance-chromium/error-context.md

    attachment #2: trace (application/zip) ─────────────────────────────────────────────────────────
    test-results/console-S3-B4-B5-the-opera-20426-ence-summary-and-provenance-chromium/trace.zip
    Usage:

        npx playwright show-trace test-results/console-S3-B4-B5-the-opera-20426-ence-summary-and-provenance-chromium/trace.zip

    ────────────────────────────────────────────────────────────────────────────────────────────────

  6) [chromium] › tests/console.spec.ts:181:7 › S3-B6 the inspector is reachable by clicking and its envelope is visible › clicking a stream row's inspect link lands on the entry route with a visible envelope 

    Error: browserType.launch: Target page, context or browser has been closed
    Browser logs:

    <launching> /Users/kendall/Library/Caches/ms-playwright/chromium_headless_shell-1234/chrome-headless-shell-mac-arm64/chrome-headless-shell --disable-field-trial-config --disable-background-networking --disable-background-timer-throttling --disable-backgrounding-occluded-windows --disable-back-forward-cache --disable-breakpad --disable-client-side-phishing-detection --disable-component-extensions-with-background-pages --disable-component-update --no-default-browser-check --disable-default-apps --disable-dev-shm-usage --disable-edgeupdater --disable-extensions --disable-features=AvoidUnnecessaryBeforeUnloadCheckSync,BoundaryEventDispatchTracksNodeRemoval,DestroyProfileOnBrowserClose,DialMediaRouteProvider,GlobalMediaControls,HttpsUpgrades,LensOverlay,MediaRouter,PaintHolding,ThirdPartyStoragePartitioning,BlockOriginHeaderModificationOnRedirect,Translate,AutoDeElevate,OptimizationHints,msForceBrowserSignIn,msEdgeUpdateLaunchServicesPreferredVersion --enable-features=CDPScreenshotNewSurface --allow-pre-commit-input --disable-hang-monitor --disable-ipc-flooding-protection --disable-popup-blocking --disable-prompt-on-repost --disable-renderer-backgrounding --disable-updater-scheduler --force-color-profile=srgb --metrics-recording-only --no-first-run --password-store=basic --use-mock-keychain --no-service-autorun --export-tagged-pdf --disable-search-engine-choice-screen --unsafely-disable-devtools-self-xss-warnings --edge-skip-compat-layer-relaunch --disable-infobars --disable-search-engine-choice-screen --disable-sync --enable-unsafe-swiftshader --headless --hide-scrollbars --mute-audio --blink-settings=primaryHoverType=2,availableHoverTypes=2,primaryPointerType=4,availablePointerTypes=4 --no-sandbox --user-data-dir=/var/folders/x1/g145jd2n4d5fljwrks73vdtm0000gn/T/playwright_chromiumdev_profile-h8g13K --remote-debugging-pipe --no-startup-window
    <launched> pid=99491
    [pid=99491][err] [0909/142916.803455:ERROR:base/power_monitor/thermal_state_observer_mac.mm:140] ThermalStateObserverMac unable to register to power notifications. Result: 9
    [pid=99491][err] [0909/142916.805239:ERROR:net/dns/dns_config_service_posix.cc:138] DNS config watch failed to start.
    [pid=99491][err] [0909/142916.806234:WARNING:net/dns/dns_config_service_posix.cc:197] Failed to read DnsConfig.
    [pid=99491][err] [0909/142916.806916:FATAL:base/apple/mach_port_rendezvous_mac.cc:159] Check failed: kr == KERN_SUCCESS. bootstrap_check_in org.chromium.Chromium.MachPortRendezvousServer.99491: Permission denied (1100)
    [pid=99491] <process did exit: exitCode=null, signal=SIGTRAP>
    [pid=99491] starting temporary directories cleanup
    Call log:
      - <launching> /Users/kendall/Library/Caches/ms-playwright/chromium_headless_shell-1234/chrome-headless-shell-mac-arm64/chrome-headless-shell --disable-field-trial-config --disable-background-networking --disable-background-timer-throttling --disable-backgrounding-occluded-windows --disable-back-forward-cache --disable-breakpad --disable-client-side-phishing-detection --disable-component-extensions-with-background-pages --disable-component-update --no-default-browser-check --disable-default-apps --disable-dev-shm-usage --disable-edgeupdater --disable-extensions --disable-features=AvoidUnnecessaryBeforeUnloadCheckSync,BoundaryEventDispatchTracksNodeRemoval,DestroyProfileOnBrowserClose,DialMediaRouteProvider,GlobalMediaControls,HttpsUpgrades,LensOverlay,MediaRouter,PaintHolding,ThirdPartyStoragePartitioning,BlockOriginHeaderModificationOnRedirect,Translate,AutoDeElevate,OptimizationHints,msForceBrowserSignIn,msEdgeUpdateLaunchServicesPreferredVersion --enable-features=CDPScreenshotNewSurface --allow-pre-commit-input --disable-hang-monitor --disable-ipc-flooding-protection --disable-popup-blocking --disable-prompt-on-repost --disable-renderer-backgrounding --disable-updater-scheduler --force-color-profile=srgb --metrics-recording-only --no-first-run --password-store=basic --use-mock-keychain --no-service-autorun --export-tagged-pdf --disable-search-engine-choice-screen --unsafely-disable-devtools-self-xss-warnings --edge-skip-compat-layer-relaunch --disable-infobars --disable-search-engine-choice-screen --disable-sync --enable-unsafe-swiftshader --headless --hide-scrollbars --mute-audio --blink-settings=primaryHoverType=2,availableHoverTypes=2,primaryPointerType=4,availablePointerTypes=4 --no-sandbox --user-data-dir=/var/folders/x1/g145jd2n4d5fljwrks73vdtm0000gn/T/playwright_chromiumdev_profile-h8g13K --remote-debugging-pipe --no-startup-window
      - <launched> pid=99491
      - [pid=99491][err] [0909/142916.803455:ERROR:base/power_monitor/thermal_state_observer_mac.mm:140] ThermalStateObserverMac unable to register to power notifications. Result: 9
      - [pid=99491][err] [0909/142916.805239:ERROR:net/dns/dns_config_service_posix.cc:138] DNS config watch failed to start.
      - [pid=99491][err] [0909/142916.806234:WARNING:net/dns/dns_config_service_posix.cc:197] Failed to read DnsConfig.
      - [pid=99491][err] [0909/142916.806916:FATAL:base/apple/mach_port_rendezvous_mac.cc:159] Check failed: kr == KERN_SUCCESS. bootstrap_check_in org.chromium.Chromium.MachPortRendezvousServer.99491: Permission denied (1100)
      - [pid=99491] <process did exit: exitCode=null, signal=SIGTRAP>
      - [pid=99491] starting temporary directories cleanup
      - [pid=99491] <gracefully close start>
      - [pid=99491] <kill>
      - [pid=99491] <skipped force kill spawnedProcess.killed=false processClosed=true>
      - [pid=99491] finished temporary directories cleanup
      - [pid=99491] <gracefully close end>


    Error Context: test-results/console-S3-B6-the-inspecto-6108e-ute-with-a-visible-envelope-chromium/error-context.md

    attachment #2: trace (application/zip) ─────────────────────────────────────────────────────────
    test-results/console-S3-B6-the-inspecto-6108e-ute-with-a-visible-envelope-chromium/trace.zip
    Usage:

        npx playwright show-trace test-results/console-S3-B6-the-inspecto-6108e-ute-with-a-visible-envelope-chromium/trace.zip

    ────────────────────────────────────────────────────────────────────────────────────────────────

  7) [chromium] › tests/console.spec.ts:221:7 › S3-B6 the inspector is reachable by clicking and its envelope is visible › browser back from the inspector returns to the Card page with no inspector 

    Error: browserType.launch: Target page, context or browser has been closed
    Browser logs:

    <launching> /Users/kendall/Library/Caches/ms-playwright/chromium_headless_shell-1234/chrome-headless-shell-mac-arm64/chrome-headless-shell --disable-field-trial-config --disable-background-networking --disable-background-timer-throttling --disable-backgrounding-occluded-windows --disable-back-forward-cache --disable-breakpad --disable-client-side-phishing-detection --disable-component-extensions-with-background-pages --disable-component-update --no-default-browser-check --disable-default-apps --disable-dev-shm-usage --disable-edgeupdater --disable-extensions --disable-features=AvoidUnnecessaryBeforeUnloadCheckSync,BoundaryEventDispatchTracksNodeRemoval,DestroyProfileOnBrowserClose,DialMediaRouteProvider,GlobalMediaControls,HttpsUpgrades,LensOverlay,MediaRouter,PaintHolding,ThirdPartyStoragePartitioning,BlockOriginHeaderModificationOnRedirect,Translate,AutoDeElevate,OptimizationHints,msForceBrowserSignIn,msEdgeUpdateLaunchServicesPreferredVersion --enable-features=CDPScreenshotNewSurface --allow-pre-commit-input --disable-hang-monitor --disable-ipc-flooding-protection --disable-popup-blocking --disable-prompt-on-repost --disable-renderer-backgrounding --disable-updater-scheduler --force-color-profile=srgb --metrics-recording-only --no-first-run --password-store=basic --use-mock-keychain --no-service-autorun --export-tagged-pdf --disable-search-engine-choice-screen --unsafely-disable-devtools-self-xss-warnings --edge-skip-compat-layer-relaunch --disable-infobars --disable-search-engine-choice-screen --disable-sync --enable-unsafe-swiftshader --headless --hide-scrollbars --mute-audio --blink-settings=primaryHoverType=2,availableHoverTypes=2,primaryPointerType=4,availablePointerTypes=4 --no-sandbox --user-data-dir=/var/folders/x1/g145jd2n4d5fljwrks73vdtm0000gn/T/playwright_chromiumdev_profile-c6HFvC --remote-debugging-pipe --no-startup-window
    <launched> pid=99492
    [pid=99492][err] [0909/142916.803480:ERROR:base/power_monitor/thermal_state_observer_mac.mm:140] ThermalStateObserverMac unable to register to power notifications. Result: 9
    [pid=99492][err] [0909/142916.805167:ERROR:net/dns/dns_config_service_posix.cc:138] DNS config watch failed to start.
    [pid=99492][err] [0909/142916.805969:FATAL:base/apple/mach_port_rendezvous_mac.cc:159] Check failed: kr == KERN_SUCCESS. bootstrap_check_in org.chromium.Chromium.MachPortRendezvousServer.99492: Permission denied (1100)
    Call log:
      - <launching> /Users/kendall/Library/Caches/ms-playwright/chromium_headless_shell-1234/chrome-headless-shell-mac-arm64/chrome-headless-shell --disable-field-trial-config --disable-background-networking --disable-background-timer-throttling --disable-backgrounding-occluded-windows --disable-back-forward-cache --disable-breakpad --disable-client-side-phishing-detection --disable-component-extensions-with-background-pages --disable-component-update --no-default-browser-check --disable-default-apps --disable-dev-shm-usage --disable-edgeupdater --disable-extensions --disable-features=AvoidUnnecessaryBeforeUnloadCheckSync,BoundaryEventDispatchTracksNodeRemoval,DestroyProfileOnBrowserClose,DialMediaRouteProvider,GlobalMediaControls,HttpsUpgrades,LensOverlay,MediaRouter,PaintHolding,ThirdPartyStoragePartitioning,BlockOriginHeaderModificationOnRedirect,Translate,AutoDeElevate,OptimizationHints,msForceBrowserSignIn,msEdgeUpdateLaunchServicesPreferredVersion --enable-features=CDPScreenshotNewSurface --allow-pre-commit-input --disable-hang-monitor --disable-ipc-flooding-protection --disable-popup-blocking --disable-prompt-on-repost --disable-renderer-backgrounding --disable-updater-scheduler --force-color-profile=srgb --metrics-recording-only --no-first-run --password-store=basic --use-mock-keychain --no-service-autorun --export-tagged-pdf --disable-search-engine-choice-screen --unsafely-disable-devtools-self-xss-warnings --edge-skip-compat-layer-relaunch --disable-infobars --disable-search-engine-choice-screen --disable-sync --enable-unsafe-swiftshader --headless --hide-scrollbars --mute-audio --blink-settings=primaryHoverType=2,availableHoverTypes=2,primaryPointerType=4,availablePointerTypes=4 --no-sandbox --user-data-dir=/var/folders/x1/g145jd2n4d5fljwrks73vdtm0000gn/T/playwright_chromiumdev_profile-c6HFvC --remote-debugging-pipe --no-startup-window
      - <launched> pid=99492
      - [pid=99492][err] [0909/142916.803480:ERROR:base/power_monitor/thermal_state_observer_mac.mm:140] ThermalStateObserverMac unable to register to power notifications. Result: 9
      - [pid=99492][err] [0909/142916.805167:ERROR:net/dns/dns_config_service_posix.cc:138] DNS config watch failed to start.
      - [pid=99492][err] [0909/142916.805969:FATAL:base/apple/mach_port_rendezvous_mac.cc:159] Check failed: kr == KERN_SUCCESS. bootstrap_check_in org.chromium.Chromium.MachPortRendezvousServer.99492: Permission denied (1100)
      - [pid=99492] <gracefully close start>
      - [pid=99492] <kill>
      - [pid=99492] <will force kill>
      - [pid=99492] exception while trying to kill process: Error: kill EPERM
      - [pid=99492] <process did exit: exitCode=null, signal=SIGTRAP>
      - [pid=99492] starting temporary directories cleanup
      - [pid=99492] finished temporary directories cleanup
      - [pid=99492] <gracefully close end>


    Error Context: test-results/console-S3-B6-the-inspecto-11ca2-Card-page-with-no-inspector-chromium/error-context.md

    attachment #2: trace (application/zip) ─────────────────────────────────────────────────────────
    test-results/console-S3-B6-the-inspecto-11ca2-Card-page-with-no-inspector-chromium/trace.zip
    Usage:

        npx playwright show-trace test-results/console-S3-B6-the-inspecto-11ca2-Card-page-with-no-inspector-chromium/trace.zip

    ────────────────────────────────────────────────────────────────────────────────────────────────

  8) [chromium] › tests/console.spec.ts:240:7 › S3-B9 failures are visible and fabricate nothing › an unknown Card is a visible not-found page with the queue and no Card identity 

    Error: browserType.launch: Target page, context or browser has been closed
    Browser logs:

    <launching> /Users/kendall/Library/Caches/ms-playwright/chromium_headless_shell-1234/chrome-headless-shell-mac-arm64/chrome-headless-shell --disable-field-trial-config --disable-background-networking --disable-background-timer-throttling --disable-backgrounding-occluded-windows --disable-back-forward-cache --disable-breakpad --disable-client-side-phishing-detection --disable-component-extensions-with-background-pages --disable-component-update --no-default-browser-check --disable-default-apps --disable-dev-shm-usage --disable-edgeupdater --disable-extensions --disable-features=AvoidUnnecessaryBeforeUnloadCheckSync,BoundaryEventDispatchTracksNodeRemoval,DestroyProfileOnBrowserClose,DialMediaRouteProvider,GlobalMediaControls,HttpsUpgrades,LensOverlay,MediaRouter,PaintHolding,ThirdPartyStoragePartitioning,BlockOriginHeaderModificationOnRedirect,Translate,AutoDeElevate,OptimizationHints,msForceBrowserSignIn,msEdgeUpdateLaunchServicesPreferredVersion --enable-features=CDPScreenshotNewSurface --allow-pre-commit-input --disable-hang-monitor --disable-ipc-flooding-protection --disable-popup-blocking --disable-prompt-on-repost --disable-renderer-backgrounding --disable-updater-scheduler --force-color-profile=srgb --metrics-recording-only --no-first-run --password-store=basic --use-mock-keychain --no-service-autorun --export-tagged-pdf --disable-search-engine-choice-screen --unsafely-disable-devtools-self-xss-warnings --edge-skip-compat-layer-relaunch --disable-infobars --disable-search-engine-choice-screen --disable-sync --enable-unsafe-swiftshader --headless --hide-scrollbars --mute-audio --blink-settings=primaryHoverType=2,availableHoverTypes=2,primaryPointerType=4,availablePointerTypes=4 --no-sandbox --user-data-dir=/var/folders/x1/g145jd2n4d5fljwrks73vdtm0000gn/T/playwright_chromiumdev_profile-LNsvLV --remote-debugging-pipe --no-startup-window
    <launched> pid=99495
    [pid=99495][err] [0909/142916.807182:ERROR:base/power_monitor/thermal_state_observer_mac.mm:140] ThermalStateObserverMac unable to register to power notifications. Result: 9
    [pid=99495][err] [0909/142916.809079:ERROR:net/dns/dns_config_service_posix.cc:138] DNS config watch failed to start.
    [pid=99495][err] [0909/142916.809507:FATAL:base/apple/mach_port_rendezvous_mac.cc:159] Check failed: kr == KERN_SUCCESS. bootstrap_check_in org.chromium.Chromium.MachPortRendezvousServer.99495: Permission denied (1100)
    Call log:
      - <launching> /Users/kendall/Library/Caches/ms-playwright/chromium_headless_shell-1234/chrome-headless-shell-mac-arm64/chrome-headless-shell --disable-field-trial-config --disable-background-networking --disable-background-timer-throttling --disable-backgrounding-occluded-windows --disable-back-forward-cache --disable-breakpad --disable-client-side-phishing-detection --disable-component-extensions-with-background-pages --disable-component-update --no-default-browser-check --disable-default-apps --disable-dev-shm-usage --disable-edgeupdater --disable-extensions --disable-features=AvoidUnnecessaryBeforeUnloadCheckSync,BoundaryEventDispatchTracksNodeRemoval,DestroyProfileOnBrowserClose,DialMediaRouteProvider,GlobalMediaControls,HttpsUpgrades,LensOverlay,MediaRouter,PaintHolding,ThirdPartyStoragePartitioning,BlockOriginHeaderModificationOnRedirect,Translate,AutoDeElevate,OptimizationHints,msForceBrowserSignIn,msEdgeUpdateLaunchServicesPreferredVersion --enable-features=CDPScreenshotNewSurface --allow-pre-commit-input --disable-hang-monitor --disable-ipc-flooding-protection --disable-popup-blocking --disable-prompt-on-repost --disable-renderer-backgrounding --disable-updater-scheduler --force-color-profile=srgb --metrics-recording-only --no-first-run --password-store=basic --use-mock-keychain --no-service-autorun --export-tagged-pdf --disable-search-engine-choice-screen --unsafely-disable-devtools-self-xss-warnings --edge-skip-compat-layer-relaunch --disable-infobars --disable-search-engine-choice-screen --disable-sync --enable-unsafe-swiftshader --headless --hide-scrollbars --mute-audio --blink-settings=primaryHoverType=2,availableHoverTypes=2,primaryPointerType=4,availablePointerTypes=4 --no-sandbox --user-data-dir=/var/folders/x1/g145jd2n4d5fljwrks73vdtm0000gn/T/playwright_chromiumdev_profile-LNsvLV --remote-debugging-pipe --no-startup-window
      - <launched> pid=99495
      - [pid=99495][err] [0909/142916.807182:ERROR:base/power_monitor/thermal_state_observer_mac.mm:140] ThermalStateObserverMac unable to register to power notifications. Result: 9
      - [pid=99495][err] [0909/142916.809079:ERROR:net/dns/dns_config_service_posix.cc:138] DNS config watch failed to start.
      - [pid=99495][err] [0909/142916.809507:FATAL:base/apple/mach_port_rendezvous_mac.cc:159] Check failed: kr == KERN_SUCCESS. bootstrap_check_in org.chromium.Chromium.MachPortRendezvousServer.99495: Permission denied (1100)
      - [pid=99495] <gracefully close start>
      - [pid=99495] <kill>
      - [pid=99495] <will force kill>
      - [pid=99495] exception while trying to kill process: Error: kill EPERM
      - [pid=99495] <process did exit: exitCode=null, signal=SIGTRAP>
      - [pid=99495] starting temporary directories cleanup
      - [pid=99495] finished temporary directories cleanup
      - [pid=99495] <gracefully close end>


    Error Context: test-results/console-S3-B9-failures-are-91d1a--queue-and-no-Card-identity-chromium/error-context.md

    attachment #2: trace (application/zip) ─────────────────────────────────────────────────────────
    test-results/console-S3-B9-failures-are-91d1a--queue-and-no-Card-identity-chromium/trace.zip
    Usage:

        npx playwright show-trace test-results/console-S3-B9-failures-are-91d1a--queue-and-no-Card-identity-chromium/trace.zip

    ────────────────────────────────────────────────────────────────────────────────────────────────

  9) [chromium] › tests/console.spec.ts:256:7 › S3-B9 failures are visible and fabricate nothing › a corrupt entry is a visible storage-failed page that keeps the queue and fabricates nothing 

    Error: browserType.launch: Target page, context or browser has been closed
    Browser logs:

    <launching> /Users/kendall/Library/Caches/ms-playwright/chromium_headless_shell-1234/chrome-headless-shell-mac-arm64/chrome-headless-shell --disable-field-trial-config --disable-background-networking --disable-background-timer-throttling --disable-backgrounding-occluded-windows --disable-back-forward-cache --disable-breakpad --disable-client-side-phishing-detection --disable-component-extensions-with-background-pages --disable-component-update --no-default-browser-check --disable-default-apps --disable-dev-shm-usage --disable-edgeupdater --disable-extensions --disable-features=AvoidUnnecessaryBeforeUnloadCheckSync,BoundaryEventDispatchTracksNodeRemoval,DestroyProfileOnBrowserClose,DialMediaRouteProvider,GlobalMediaControls,HttpsUpgrades,LensOverlay,MediaRouter,PaintHolding,ThirdPartyStoragePartitioning,BlockOriginHeaderModificationOnRedirect,Translate,AutoDeElevate,OptimizationHints,msForceBrowserSignIn,msEdgeUpdateLaunchServicesPreferredVersion --enable-features=CDPScreenshotNewSurface --allow-pre-commit-input --disable-hang-monitor --disable-ipc-flooding-protection --disable-popup-blocking --disable-prompt-on-repost --disable-renderer-backgrounding --disable-updater-scheduler --force-color-profile=srgb --metrics-recording-only --no-first-run --password-store=basic --use-mock-keychain --no-service-autorun --export-tagged-pdf --disable-search-engine-choice-screen --unsafely-disable-devtools-self-xss-warnings --edge-skip-compat-layer-relaunch --disable-infobars --disable-search-engine-choice-screen --disable-sync --enable-unsafe-swiftshader --headless --hide-scrollbars --mute-audio --blink-settings=primaryHoverType=2,availableHoverTypes=2,primaryPointerType=4,availablePointerTypes=4 --no-sandbox --user-data-dir=/var/folders/x1/g145jd2n4d5fljwrks73vdtm0000gn/T/playwright_chromiumdev_profile-zCKEhS --remote-debugging-pipe --no-startup-window
    <launched> pid=99489
    [pid=99489][err] [0909/142916.803473:ERROR:base/power_monitor/thermal_state_observer_mac.mm:140] ThermalStateObserverMac unable to register to power notifications. Result: 9
    [pid=99489][err] [0909/142916.805223:ERROR:net/dns/dns_config_service_posix.cc:138] DNS config watch failed to start.
    [pid=99489][err] [0909/142916.806017:FATAL:base/apple/mach_port_rendezvous_mac.cc:159] Check failed: kr == KERN_SUCCESS. bootstrap_check_in org.chromium.Chromium.MachPortRendezvousServer.99489: Permission denied (1100)
    Call log:
      - <launching> /Users/kendall/Library/Caches/ms-playwright/chromium_headless_shell-1234/chrome-headless-shell-mac-arm64/chrome-headless-shell --disable-field-trial-config --disable-background-networking --disable-background-timer-throttling --disable-backgrounding-occluded-windows --disable-back-forward-cache --disable-breakpad --disable-client-side-phishing-detection --disable-component-extensions-with-background-pages --disable-component-update --no-default-browser-check --disable-default-apps --disable-dev-shm-usage --disable-edgeupdater --disable-extensions --disable-features=AvoidUnnecessaryBeforeUnloadCheckSync,BoundaryEventDispatchTracksNodeRemoval,DestroyProfileOnBrowserClose,DialMediaRouteProvider,GlobalMediaControls,HttpsUpgrades,LensOverlay,MediaRouter,PaintHolding,ThirdPartyStoragePartitioning,BlockOriginHeaderModificationOnRedirect,Translate,AutoDeElevate,OptimizationHints,msForceBrowserSignIn,msEdgeUpdateLaunchServicesPreferredVersion --enable-features=CDPScreenshotNewSurface --allow-pre-commit-input --disable-hang-monitor --disable-ipc-flooding-protection --disable-popup-blocking --disable-prompt-on-repost --disable-renderer-backgrounding --disable-updater-scheduler --force-color-profile=srgb --metrics-recording-only --no-first-run --password-store=basic --use-mock-keychain --no-service-autorun --export-tagged-pdf --disable-search-engine-choice-screen --unsafely-disable-devtools-self-xss-warnings --edge-skip-compat-layer-relaunch --disable-infobars --disable-search-engine-choice-screen --disable-sync --enable-unsafe-swiftshader --headless --hide-scrollbars --mute-audio --blink-settings=primaryHoverType=2,availableHoverTypes=2,primaryPointerType=4,availablePointerTypes=4 --no-sandbox --user-data-dir=/var/folders/x1/g145jd2n4d5fljwrks73vdtm0000gn/T/playwright_chromiumdev_profile-zCKEhS --remote-debugging-pipe --no-startup-window
      - <launched> pid=99489
      - [pid=99489][err] [0909/142916.803473:ERROR:base/power_monitor/thermal_state_observer_mac.mm:140] ThermalStateObserverMac unable to register to power notifications. Result: 9
      - [pid=99489][err] [0909/142916.805223:ERROR:net/dns/dns_config_service_posix.cc:138] DNS config watch failed to start.
      - [pid=99489][err] [0909/142916.806017:FATAL:base/apple/mach_port_rendezvous_mac.cc:159] Check failed: kr == KERN_SUCCESS. bootstrap_check_in org.chromium.Chromium.MachPortRendezvousServer.99489: Permission denied (1100)
      - [pid=99489] <gracefully close start>
      - [pid=99489] <kill>
      - [pid=99489] <will force kill>
      - [pid=99489] exception while trying to kill process: Error: kill EPERM
      - [pid=99489] <process did exit: exitCode=null, signal=SIGTRAP>
      - [pid=99489] starting temporary directories cleanup
      - [pid=99489] finished temporary directories cleanup
      - [pid=99489] <gracefully close end>


    Error Context: test-results/console-S3-B9-failures-are-56306-ueue-and-fabricates-nothing-chromium/error-context.md

    attachment #2: trace (application/zip) ─────────────────────────────────────────────────────────
    test-results/console-S3-B9-failures-are-56306-ueue-and-fabricates-nothing-chromium/trace.zip
    Usage:

        npx playwright show-trace test-results/console-S3-B9-failures-are-56306-ueue-and-fabricates-nothing-chromium/trace.zip

    ────────────────────────────────────────────────────────────────────────────────────────────────

  10) [chromium] › tests/console.spec.ts:279:7 › S3-B9 failures are visible and fabricate nothing › a queue the console cannot read is a visible storage-failed page with no queue 

    Error: browserType.launch: Target page, context or browser has been closed
    Browser logs:

    <launching> /Users/kendall/Library/Caches/ms-playwright/chromium_headless_shell-1234/chrome-headless-shell-mac-arm64/chrome-headless-shell --disable-field-trial-config --disable-background-networking --disable-background-timer-throttling --disable-backgrounding-occluded-windows --disable-back-forward-cache --disable-breakpad --disable-client-side-phishing-detection --disable-component-extensions-with-background-pages --disable-component-update --no-default-browser-check --disable-default-apps --disable-dev-shm-usage --disable-edgeupdater --disable-extensions --disable-features=AvoidUnnecessaryBeforeUnloadCheckSync,BoundaryEventDispatchTracksNodeRemoval,DestroyProfileOnBrowserClose,DialMediaRouteProvider,GlobalMediaControls,HttpsUpgrades,LensOverlay,MediaRouter,PaintHolding,ThirdPartyStoragePartitioning,BlockOriginHeaderModificationOnRedirect,Translate,AutoDeElevate,OptimizationHints,msForceBrowserSignIn,msEdgeUpdateLaunchServicesPreferredVersion --enable-features=CDPScreenshotNewSurface --allow-pre-commit-input --disable-hang-monitor --disable-ipc-flooding-protection --disable-popup-blocking --disable-prompt-on-repost --disable-renderer-backgrounding --disable-updater-scheduler --force-color-profile=srgb --metrics-recording-only --no-first-run --password-store=basic --use-mock-keychain --no-service-autorun --export-tagged-pdf --disable-search-engine-choice-screen --unsafely-disable-devtools-self-xss-warnings --edge-skip-compat-layer-relaunch --disable-infobars --disable-search-engine-choice-screen --disable-sync --enable-unsafe-swiftshader --headless --hide-scrollbars --mute-audio --blink-settings=primaryHoverType=2,availableHoverTypes=2,primaryPointerType=4,availablePointerTypes=4 --no-sandbox --user-data-dir=/var/folders/x1/g145jd2n4d5fljwrks73vdtm0000gn/T/playwright_chromiumdev_profile-ZIeucE --remote-debugging-pipe --no-startup-window
    <launched> pid=99503
    [pid=99503][err] [0909/142917.028770:ERROR:base/power_monitor/thermal_state_observer_mac.mm:140] ThermalStateObserverMac unable to register to power notifications. Result: 9
    [pid=99503][err] [0909/142917.029975:ERROR:net/dns/dns_config_service_posix.cc:138] DNS config watch failed to start.
    [pid=99503][err] [0909/142917.030337:WARNING:net/dns/dns_config_service_posix.cc:197] Failed to read DnsConfig.
    [pid=99503][err] [0909/142917.030482:FATAL:base/apple/mach_port_rendezvous_mac.cc:159] Check failed: kr == KERN_SUCCESS. bootstrap_check_in org.chromium.Chromium.MachPortRendezvousServer.99503: Permission denied (1100)
    Call log:
      - <launching> /Users/kendall/Library/Caches/ms-playwright/chromium_headless_shell-1234/chrome-headless-shell-mac-arm64/chrome-headless-shell --disable-field-trial-config --disable-background-networking --disable-background-timer-throttling --disable-backgrounding-occluded-windows --disable-back-forward-cache --disable-breakpad --disable-client-side-phishing-detection --disable-component-extensions-with-background-pages --disable-component-update --no-default-browser-check --disable-default-apps --disable-dev-shm-usage --disable-edgeupdater --disable-extensions --disable-features=AvoidUnnecessaryBeforeUnloadCheckSync,BoundaryEventDispatchTracksNodeRemoval,DestroyProfileOnBrowserClose,DialMediaRouteProvider,GlobalMediaControls,HttpsUpgrades,LensOverlay,MediaRouter,PaintHolding,ThirdPartyStoragePartitioning,BlockOriginHeaderModificationOnRedirect,Translate,AutoDeElevate,OptimizationHints,msForceBrowserSignIn,msEdgeUpdateLaunchServicesPreferredVersion --enable-features=CDPScreenshotNewSurface --allow-pre-commit-input --disable-hang-monitor --disable-ipc-flooding-protection --disable-popup-blocking --disable-prompt-on-repost --disable-renderer-backgrounding --disable-updater-scheduler --force-color-profile=srgb --metrics-recording-only --no-first-run --password-store=basic --use-mock-keychain --no-service-autorun --export-tagged-pdf --disable-search-engine-choice-screen --unsafely-disable-devtools-self-xss-warnings --edge-skip-compat-layer-relaunch --disable-infobars --disable-search-engine-choice-screen --disable-sync --enable-unsafe-swiftshader --headless --hide-scrollbars --mute-audio --blink-settings=primaryHoverType=2,availableHoverTypes=2,primaryPointerType=4,availablePointerTypes=4 --no-sandbox --user-data-dir=/var/folders/x1/g145jd2n4d5fljwrks73vdtm0000gn/T/playwright_chromiumdev_profile-ZIeucE --remote-debugging-pipe --no-startup-window
      - <launched> pid=99503
      - [pid=99503][err] [0909/142917.028770:ERROR:base/power_monitor/thermal_state_observer_mac.mm:140] ThermalStateObserverMac unable to register to power notifications. Result: 9
      - [pid=99503][err] [0909/142917.029975:ERROR:net/dns/dns_config_service_posix.cc:138] DNS config watch failed to start.
      - [pid=99503][err] [0909/142917.030337:WARNING:net/dns/dns_config_service_posix.cc:197] Failed to read DnsConfig.
      - [pid=99503][err] [0909/142917.030482:FATAL:base/apple/mach_port_rendezvous_mac.cc:159] Check failed: kr == KERN_SUCCESS. bootstrap_check_in org.chromium.Chromium.MachPortRendezvousServer.99503: Permission denied (1100)
      - [pid=99503] <gracefully close start>
      - [pid=99503] <kill>
      - [pid=99503] <will force kill>
      - [pid=99503] exception while trying to kill process: Error: kill EPERM
      - [pid=99503] <process did exit: exitCode=null, signal=SIGTRAP>
      - [pid=99503] starting temporary directories cleanup
      - [pid=99503] finished temporary directories cleanup
      - [pid=99503] <gracefully close end>


    Error Context: test-results/console-S3-B9-failures-are-7f2a0-e-failed-page-with-no-queue-chromium/error-context.md

    attachment #2: trace (application/zip) ─────────────────────────────────────────────────────────
    test-results/console-S3-B9-failures-are-7f2a0-e-failed-page-with-no-queue-chromium/trace.zip
    Usage:

        npx playwright show-trace test-results/console-S3-B9-failures-are-7f2a0-e-failed-page-with-no-queue-chromium/trace.zip

    ────────────────────────────────────────────────────────────────────────────────────────────────

  11) [chromium] › tests/console.spec.ts:299:7 › S3-B9 failures are visible and fabricate nothing › an empty, migrated store shows a visibly empty queue 

    Error: browserType.launch: Target page, context or browser has been closed
    Browser logs:

    <launching> /Users/kendall/Library/Caches/ms-playwright/chromium_headless_shell-1234/chrome-headless-shell-mac-arm64/chrome-headless-shell --disable-field-trial-config --disable-background-networking --disable-background-timer-throttling --disable-backgrounding-occluded-windows --disable-back-forward-cache --disable-breakpad --disable-client-side-phishing-detection --disable-component-extensions-with-background-pages --disable-component-update --no-default-browser-check --disable-default-apps --disable-dev-shm-usage --disable-edgeupdater --disable-extensions --disable-features=AvoidUnnecessaryBeforeUnloadCheckSync,BoundaryEventDispatchTracksNodeRemoval,DestroyProfileOnBrowserClose,DialMediaRouteProvider,GlobalMediaControls,HttpsUpgrades,LensOverlay,MediaRouter,PaintHolding,ThirdPartyStoragePartitioning,BlockOriginHeaderModificationOnRedirect,Translate,AutoDeElevate,OptimizationHints,msForceBrowserSignIn,msEdgeUpdateLaunchServicesPreferredVersion --enable-features=CDPScreenshotNewSurface --allow-pre-commit-input --disable-hang-monitor --disable-ipc-flooding-protection --disable-popup-blocking --disable-prompt-on-repost --disable-renderer-backgrounding --disable-updater-scheduler --force-color-profile=srgb --metrics-recording-only --no-first-run --password-store=basic --use-mock-keychain --no-service-autorun --export-tagged-pdf --disable-search-engine-choice-screen --unsafely-disable-devtools-self-xss-warnings --edge-skip-compat-layer-relaunch --disable-infobars --disable-search-engine-choice-screen --disable-sync --enable-unsafe-swiftshader --headless --hide-scrollbars --mute-audio --blink-settings=primaryHoverType=2,availableHoverTypes=2,primaryPointerType=4,availablePointerTypes=4 --no-sandbox --user-data-dir=/var/folders/x1/g145jd2n4d5fljwrks73vdtm0000gn/T/playwright_chromiumdev_profile-3BJsE0 --remote-debugging-pipe --no-startup-window
    <launched> pid=99504
    [pid=99504][err] [0909/142917.028762:ERROR:base/power_monitor/thermal_state_observer_mac.mm:140] ThermalStateObserverMac unable to register to power notifications. Result: 9
    [pid=99504][err] [0909/142917.029974:ERROR:net/dns/dns_config_service_posix.cc:138] DNS config watch failed to start.
    [pid=99504][err] [0909/142917.030389:WARNING:net/dns/dns_config_service_posix.cc:197] Failed to read DnsConfig.
    [pid=99504][err] [0909/142917.030518:FATAL:base/apple/mach_port_rendezvous_mac.cc:159] Check failed: kr == KERN_SUCCESS. bootstrap_check_in org.chromium.Chromium.MachPortRendezvousServer.99504: Permission denied (1100)
    Call log:
      - <launching> /Users/kendall/Library/Caches/ms-playwright/chromium_headless_shell-1234/chrome-headless-shell-mac-arm64/chrome-headless-shell --disable-field-trial-config --disable-background-networking --disable-background-timer-throttling --disable-backgrounding-occluded-windows --disable-back-forward-cache --disable-breakpad --disable-client-side-phishing-detection --disable-component-extensions-with-background-pages --disable-component-update --no-default-browser-check --disable-default-apps --disable-dev-shm-usage --disable-edgeupdater --disable-extensions --disable-features=AvoidUnnecessaryBeforeUnloadCheckSync,BoundaryEventDispatchTracksNodeRemoval,DestroyProfileOnBrowserClose,DialMediaRouteProvider,GlobalMediaControls,HttpsUpgrades,LensOverlay,MediaRouter,PaintHolding,ThirdPartyStoragePartitioning,BlockOriginHeaderModificationOnRedirect,Translate,AutoDeElevate,OptimizationHints,msForceBrowserSignIn,msEdgeUpdateLaunchServicesPreferredVersion --enable-features=CDPScreenshotNewSurface --allow-pre-commit-input --disable-hang-monitor --disable-ipc-flooding-protection --disable-popup-blocking --disable-prompt-on-repost --disable-renderer-backgrounding --disable-updater-scheduler --force-color-profile=srgb --metrics-recording-only --no-first-run --password-store=basic --use-mock-keychain --no-service-autorun --export-tagged-pdf --disable-search-engine-choice-screen --unsafely-disable-devtools-self-xss-warnings --edge-skip-compat-layer-relaunch --disable-infobars --disable-search-engine-choice-screen --disable-sync --enable-unsafe-swiftshader --headless --hide-scrollbars --mute-audio --blink-settings=primaryHoverType=2,availableHoverTypes=2,primaryPointerType=4,availablePointerTypes=4 --no-sandbox --user-data-dir=/var/folders/x1/g145jd2n4d5fljwrks73vdtm0000gn/T/playwright_chromiumdev_profile-3BJsE0 --remote-debugging-pipe --no-startup-window
      - <launched> pid=99504
      - [pid=99504][err] [0909/142917.028762:ERROR:base/power_monitor/thermal_state_observer_mac.mm:140] ThermalStateObserverMac unable to register to power notifications. Result: 9
      - [pid=99504][err] [0909/142917.029974:ERROR:net/dns/dns_config_service_posix.cc:138] DNS config watch failed to start.
      - [pid=99504][err] [0909/142917.030389:WARNING:net/dns/dns_config_service_posix.cc:197] Failed to read DnsConfig.
      - [pid=99504][err] [0909/142917.030518:FATAL:base/apple/mach_port_rendezvous_mac.cc:159] Check failed: kr == KERN_SUCCESS. bootstrap_check_in org.chromium.Chromium.MachPortRendezvousServer.99504: Permission denied (1100)
      - [pid=99504] <gracefully close start>
      - [pid=99504] <kill>
      - [pid=99504] <will force kill>
      - [pid=99504] exception while trying to kill process: Error: kill EPERM
      - [pid=99504] <process did exit: exitCode=null, signal=SIGTRAP>
      - [pid=99504] starting temporary directories cleanup
      - [pid=99504] finished temporary directories cleanup
      - [pid=99504] <gracefully close end>


    Error Context: test-results/console-S3-B9-failures-are-096ec-shows-a-visibly-empty-queue-chromium/error-context.md

    attachment #2: trace (application/zip) ─────────────────────────────────────────────────────────
    test-results/console-S3-B9-failures-are-096ec-shows-a-visibly-empty-queue-chromium/trace.zip
    Usage:

        npx playwright show-trace test-results/console-S3-B9-failures-are-096ec-shows-a-visibly-empty-queue-chromium/trace.zip

    ────────────────────────────────────────────────────────────────────────────────────────────────

  11 failed
    [chromium] › tests/console.spec.ts:83:9 › S3-B8 the console is self-contained in a real browser › loading the queue page fetches exactly the page and one stylesheet, with no errors 
    [chromium] › tests/console.spec.ts:83:9 › S3-B8 the console is self-contained in a real browser › loading a Card page fetches exactly the page and one stylesheet, with no errors 
    [chromium] › tests/console.spec.ts:83:9 › S3-B8 the console is self-contained in a real browser › loading an entry inspector fetches exactly the page and one stylesheet, with no errors 
    [chromium] › tests/console.spec.ts:119:7 › S3-B4/B5 the operator can read the queue and the stream › every queue row's title, task key, and last activity are visible and match the record 
    [chromium] › tests/console.spec.ts:148:7 › S3-B4/B5 the operator can read the queue and the stream › every stream row is visible with its sequence, summary, and provenance 
    [chromium] › tests/console.spec.ts:181:7 › S3-B6 the inspector is reachable by clicking and its envelope is visible › clicking a stream row's inspect link lands on the entry route with a visible envelope 
    [chromium] › tests/console.spec.ts:221:7 › S3-B6 the inspector is reachable by clicking and its envelope is visible › browser back from the inspector returns to the Card page with no inspector 
    [chromium] › tests/console.spec.ts:240:7 › S3-B9 failures are visible and fabricate nothing › an unknown Card is a visible not-found page with the queue and no Card identity 
    [chromium] › tests/console.spec.ts:256:7 › S3-B9 failures are visible and fabricate nothing › a corrupt entry is a visible storage-failed page that keeps the queue and fabricates nothing 
    [chromium] › tests/console.spec.ts:279:7 › S3-B9 failures are visible and fabricate nothing › a queue the console cannot read is a visible storage-failed page with no queue 
    [chromium] › tests/console.spec.ts:299:7 › S3-B9 failures are visible and fabricate nothing › an empty, migrated store shows a visibly empty queue 
error: recipe `browser` failed on line 30 with exit code 1
COMMAND_EXIT=1
