cargo build -p daemar-card --bin card
   Compiling daemar-card v0.1.0 (/Users/kendall/code/github/daemar/crates/daemar-card)
    Finished `dev` profile [unoptimized + debuginfo] target(s) in 2.00s
cd browser && npx playwright test

Running 11 tests using 9 workers

(node:76663) ExperimentalWarning: SQLite is an experimental feature and might change at any time
(Use `node --trace-warnings ...` to show where the warning was created)
(node:76665) Warning: The 'NO_COLOR' env is ignored due to the 'FORCE_COLOR' env being set.
(Use `node --trace-warnings ...` to show where the warning was created)
(node:76666) Warning: The 'NO_COLOR' env is ignored due to the 'FORCE_COLOR' env being set.
(Use `node --trace-warnings ...` to show where the warning was created)
(node:76670) Warning: The 'NO_COLOR' env is ignored due to the 'FORCE_COLOR' env being set.
(Use `node --trace-warnings ...` to show where the warning was created)
(node:76672) Warning: The 'NO_COLOR' env is ignored due to the 'FORCE_COLOR' env being set.
(Use `node --trace-warnings ...` to show where the warning was created)
(node:76668) Warning: The 'NO_COLOR' env is ignored due to the 'FORCE_COLOR' env being set.
(Use `node --trace-warnings ...` to show where the warning was created)
(node:76671) Warning: The 'NO_COLOR' env is ignored due to the 'FORCE_COLOR' env being set.
(Use `node --trace-warnings ...` to show where the warning was created)
(node:76669) Warning: The 'NO_COLOR' env is ignored due to the 'FORCE_COLOR' env being set.
(Use `node --trace-warnings ...` to show where the warning was created)
(node:76664) Warning: The 'NO_COLOR' env is ignored due to the 'FORCE_COLOR' env being set.
(Use `node --trace-warnings ...` to show where the warning was created)
(node:76667) Warning: The 'NO_COLOR' env is ignored due to the 'FORCE_COLOR' env being set.
(Use `node --trace-warnings ...` to show where the warning was created)
(node:76665) ExperimentalWarning: SQLite is an experimental feature and might change at any time
(node:76670) ExperimentalWarning: SQLite is an experimental feature and might change at any time
(node:76672) ExperimentalWarning: SQLite is an experimental feature and might change at any time
(node:76666) ExperimentalWarning: SQLite is an experimental feature and might change at any time
(node:76671) ExperimentalWarning: SQLite is an experimental feature and might change at any time
(node:76669) ExperimentalWarning: SQLite is an experimental feature and might change at any time
(node:76668) ExperimentalWarning: SQLite is an experimental feature and might change at any time
(node:76664) ExperimentalWarning: SQLite is an experimental feature and might change at any time
(node:76667) ExperimentalWarning: SQLite is an experimental feature and might change at any time
  ✓   1 [chromium] › tests/console.spec.ts:83:9 › S3-B8 the console is self-contained in a real browser › loading the queue page fetches exactly the page and one stylesheet, with no errors (617ms)
  ✓   2 [chromium] › tests/console.spec.ts:83:9 › S3-B8 the console is self-contained in a real browser › loading a Card page fetches exactly the page and one stylesheet, with no errors (619ms)
  ✓   8 [chromium] › tests/console.spec.ts:83:9 › S3-B8 the console is self-contained in a real browser › loading an entry inspector fetches exactly the page and one stylesheet, with no errors (630ms)
  ✓   5 [chromium] › tests/console.spec.ts:240:7 › S3-B9 failures are visible and fabricate nothing › an unknown Card is a visible not-found page with the queue and no Card identity (646ms)
  ✓   4 [chromium] › tests/console.spec.ts:256:7 › S3-B9 failures are visible and fabricate nothing › a corrupt entry is a visible storage-failed page that keeps the queue and fabricates nothing (664ms)
  ✓   7 [chromium] › tests/console.spec.ts:221:7 › S3-B6 the inspector is reachable by clicking and its envelope is visible › browser back from the inspector returns to the Card page with no inspector (714ms)
  ✓  11 [chromium] › tests/console.spec.ts:299:7 › S3-B9 failures are visible and fabricate nothing › an empty, migrated store shows a visibly empty queue (115ms)
  ✓   9 [chromium] › tests/console.spec.ts:119:7 › S3-B4/B5 the operator can read the queue and the stream › every queue row's title, task key, and last activity are visible and match the record (750ms)
  ✓  10 [chromium] › tests/console.spec.ts:279:7 › S3-B9 failures are visible and fabricate nothing › a queue the console cannot read is a visible storage-failed page with no queue (171ms)
  ✓   6 [chromium] › tests/console.spec.ts:181:7 › S3-B6 the inspector is reachable by clicking and its envelope is visible › clicking a stream row's inspect link lands on the entry route with a visible envelope (805ms)
  ✓   3 [chromium] › tests/console.spec.ts:148:7 › S3-B4/B5 the operator can read the queue and the stream › every stream row is visible with its sequence, summary, and provenance (847ms)

  11 passed (1.3s)

COMMAND_EXIT=0
COMMAND_CWD=/Users/kendall/code/github/daemar
