   Compiling daemar-card v0.1.0 (/Users/kendall/code/github/daemar/crates/daemar-card)
error: async functions cannot be used for tests
   --> crates/daemar-card/src/main.rs:647:5
    |
647 |       async fn publish_write_failure_is_domain_and_prevents_serve() {
    |       ^----
    |       |
    |  _____`async` because of this
    | |
648 | |         let (_dir, config) = migrated_config().await;
649 | |         let continued = Rc::new(Cell::new(false));
650 | |         let observed = Rc::clone(&continued);
...   |
678 | |         assert!(!continued.get(), "serve continuation must not run");
679 | |     }
    | |_____^

error[E0277]: `Control` doesn't implement `Debug`
    --> crates/daemar-card/src/main.rs:668:28
     |
 668 |         let error = result.expect_err("write failure");
     |                            ^^^^^^^^^^ the trait `Debug` is not implemented for `Control`
     |
     = note: add `#[derive(Debug)]` to `Control` or manually `impl Debug for Control`
note: required by a bound in `Result::<T, E>::expect_err`
    --> /Users/kendall/.rustup/toolchains/stable-aarch64-apple-darwin/lib/rustlib/src/rust/library/core/src/result.rs:1295:12
     |
1293 |     pub fn expect_err(self, msg: &str) -> E
     |            ---------- required by a bound in this associated function
1294 |     where
1295 |         T: fmt::Debug,
     |            ^^^^^^^^^^ required by this bound in `Result::<T, E>::expect_err`
help: consider annotating `Control` with `#[derive(Debug)]`
     |
 128 + #[derive(Debug)]
 129 | enum Control {
     |

error[E0599]: no method named `source` found for enum `daemar_card::Error` in the current scope
   --> crates/daemar-card/src/main.rs:675:19
    |
675 |             error.source().expect("source").to_string(),
    |                   ^^^^^^ method not found in `daemar_card::Error`
    |
   ::: /Users/kendall/.rustup/toolchains/stable-aarch64-apple-darwin/lib/rustlib/src/rust/library/core/src/error.rs:111:8
    |
111 |     fn source(&self) -> Option<&(dyn Error + 'static)> {
    |        ------ the method is available for `daemar_card::Error` here
    |
    = help: items from traits can only be used if the trait is in scope
help: trait `Error` which provides `source` is implemented but not in scope; perhaps you want to import it
    |
570 +     use std::error::Error;
    |

error[E0277]: `Control` doesn't implement `Debug`
    --> crates/daemar-card/src/main.rs:703:28
     |
 703 |         let error = result.expect_err("flush failure");
     |                            ^^^^^^^^^^ the trait `Debug` is not implemented for `Control`
     |
     = note: add `#[derive(Debug)]` to `Control` or manually `impl Debug for Control`
note: required by a bound in `Result::<T, E>::expect_err`
    --> /Users/kendall/.rustup/toolchains/stable-aarch64-apple-darwin/lib/rustlib/src/rust/library/core/src/result.rs:1295:12
     |
1293 |     pub fn expect_err(self, msg: &str) -> E
     |            ---------- required by a bound in this associated function
1294 |     where
1295 |         T: fmt::Debug,
     |            ^^^^^^^^^^ required by this bound in `Result::<T, E>::expect_err`
help: consider annotating `Control` with `#[derive(Debug)]`
     |
 128 + #[derive(Debug)]
 129 | enum Control {
     |

error[E0599]: no method named `source` found for enum `daemar_card::Error` in the current scope
   --> crates/daemar-card/src/main.rs:710:19
    |
710 |             error.source().expect("source").to_string(),
    |                   ^^^^^^ method not found in `daemar_card::Error`
    |
   ::: /Users/kendall/.rustup/toolchains/stable-aarch64-apple-darwin/lib/rustlib/src/rust/library/core/src/error.rs:111:8
    |
111 |     fn source(&self) -> Option<&(dyn Error + 'static)> {
    |        ------ the method is available for `daemar_card::Error` here
    |
    = help: items from traits can only be used if the trait is in scope
help: trait `Error` which provides `source` is implemented but not in scope; perhaps you want to import it
    |
570 +     use std::error::Error;
    |

error[E0277]: `Failure` doesn't implement `Debug`
    --> crates/daemar-card/src/main.rs:770:10
     |
 770 |         .expect("serve orchestration");
     |          ^^^^^^ the trait `Debug` is not implemented for `Failure`
     |
     = note: add `#[derive(Debug)]` to `Failure` or manually `impl Debug for Failure`
note: required by a bound in `Result::<T, E>::expect`
    --> /Users/kendall/.rustup/toolchains/stable-aarch64-apple-darwin/lib/rustlib/src/rust/library/core/src/result.rs:1181:12
     |
1179 |     pub fn expect(self, msg: &str) -> T
     |            ------ required by a bound in this associated function
1180 |     where
1181 |         E: fmt::Debug,
     |            ^^^^^^^^^^ required by this bound in `Result::<T, E>::expect`
help: consider annotating `Failure` with `#[derive(Debug)]`
     |
  62 + #[derive(Debug)]
  63 | enum Failure {
     |

Some errors have detailed explanations: E0277, E0599.
For more information about an error, try `rustc --explain E0277`.
error: could not compile `daemar-card` (bin "card" test) due to 6 previous errors

COMMAND_EXIT=101
COMMAND_CWD=/Users/kendall/code/github/daemar
