   Compiling daemar-card v0.1.0 (/Users/kendall/code/github/daemar/crates/daemar-card)
    Finished `test` profile [unoptimized + debuginfo] target(s) in 1.68s
     Running unittests src/lib.rs (target/debug/deps/daemar_card-87c6881c75cf7cb6)

running 13 tests
test storage::store_seam_tests::schema_comparison_precedence_covers_all_shapes ... ok
test storage::tests::identical_requests_fingerprint_equal ... ok
test storage::tests::each_differing_field_changes_the_fingerprint ... ok
test storage::store_seam_tests::reader_refuses_missing_and_uninitialized_without_mutation ... ok
test storage::store_seam_tests::store_refuses_blank_required_fields ... ok
test storage::store_seam_tests::store_refuses_appending_card_created ... ok
test storage::store_seam_tests::corrupted_stored_payload_reads_as_corrupt ... ok
test storage::store_seam_tests::reader_opens_migrated_store_and_delegates_reads ... ok
test storage::store_seam_tests::queue_orders_cards_and_uses_latest_sequence_without_decoding_payload ... ok
test storage::store_seam_tests::reader_entry_membership_distinguishes_card_and_entry_absence ... ok
test storage::store_seam_tests::reader_connection_is_read_only_and_sees_live_writer_append ... ok
test storage::store_seam_tests::queue_rejects_corrupt_selected_columns ... ok
test storage::store_seam_tests::reader_refuses_dirty_and_mismatched_bookkeeping ... ok

test result: ok. 13 passed; 0 failed; 0 ignored; 0 measured; 47 filtered out; finished in 0.03s

exit=0
cwd=/Users/kendall/code/github/daemar
