COMMAND: cargo test -p daemar-card --test behavior -- --name \^The\ console\ is\ script-free\ and\ self-contained\$
CWD: /Users/kendall/code/github/daemar
    Finished `test` profile [unoptimized + debuginfo] target(s) in 0.07s
     Running tests/behavior.rs (target/debug/deps/behavior-59d729ca70be0cf7)
Feature: The operator reads Cards on a local Queue First console
  Scenario: The console is script-free and self-contained
   ✔  Given an open Card with 1 appended decision
   ✔  And the console is running
   ✔  When the queue page, the Card page, the entry inspector, a 404 page, and a 421 response are requested
   ✔  Then no response body contains a script element
   ✔  And no response body contains an inline event handler attribute
   ✔  And no response body contains an embedded document, a base element, or inline CSS
   ✘  And every URL referenced from any response body is same-origin
      Step failed:
      Defined: tests/features/console.feature:414:5
      Matched: crates/daemar-card/tests/behavior/console/mod.rs:2461:1
      Step panicked. Captured output: foreign comma meta refresh passed the origin oracle
[Summary]
1 feature
1 scenario (1 failed)
7 steps (6 passed, 1 failed)

thread 'main' (38613407) panicked at /Users/kendall/.cargo/registry/src/index.crates.io-1949cf8c6b5b557f/cucumber-0.21.1/src/cucumber.rs:1287:13:
1 step failed
note: run with `RUST_BACKTRACE=1` environment variable to display a backtrace
error: test failed, to rerun pass `-p daemar-card --test behavior`
COMMAND_EXIT: 101
