warning: unused import: `Connection`
   --> crates/daemar-card/src/console.rs:562:41
    |
562 |         use sqlx::{ConnectOptions as _, Connection as _};
    |                                         ^^^^^^^^^^
    |
    = note: `#[warn(unused_imports)]` (part of `#[warn(unused)]`) on by default

warning: `daemar-card` (lib test) generated 1 warning
    Finished `test` profile [unoptimized + debuginfo] target(s) in 0.08s
     Running unittests src/lib.rs (target/debug/deps/daemar_card-87c6881c75cf7cb6)

running 13 tests
test console::web::tests::render_failure_returns_fixed_plain_text_500 ... ok
test console::web::tests::accept_failure_returns_serve_with_source ... ok
test console::web::tests::foreign_host_precedes_unsafe_method ... ok
test console::web::tests::unsafe_method_card_returns_405_with_allow_and_empty_body ... ok
test console::web::tests::unsafe_method_css_returns_405 ... ok
test console::web::tests::empty_host_returns_empty_421 ... ok
test console::web::tests::unsafe_method_unknown_route_returns_405 ... ok
test console::web::tests::unsafe_method_root_returns_405_with_allow_and_empty_body ... ok
test console::web::tests::host_rejection_precedes_unreadable_storage ... ok
test console::web::tests::queue_failure_has_no_queue_or_card ... ok
test console::web::tests::stream_failure_has_queue_without_partial_card ... ok
test console::web::tests::payload_absence_is_rendered_without_payload_element ... ok
test console::web::tests::head_matches_get_status_and_type_without_body ... ok

test result: ok. 13 passed; 0 failed; 0 ignored; 0 measured; 51 filtered out; finished in 0.02s


COMMAND_EXIT=0
