cargo build -p daemar-card --bin card
    Finished `dev` profile [unoptimized + debuginfo] target(s) in 0.06s
cd browser && npx playwright test

Running 11 tests using 9 workers

(node:10408) ExperimentalWarning: SQLite is an experimental feature and might change at any time
(Use `node --trace-warnings ...` to show where the warning was created)
(node:10414) Warning: The 'NO_COLOR' env is ignored due to the 'FORCE_COLOR' env being set.
(Use `node --trace-warnings ...` to show where the warning was created)
(node:10411) Warning: The 'NO_COLOR' env is ignored due to the 'FORCE_COLOR' env being set.
(Use `node --trace-warnings ...` to show where the warning was created)
(node:10415) Warning: The 'NO_COLOR' env is ignored due to the 'FORCE_COLOR' env being set.
(Use `node --trace-warnings ...` to show where the warning was created)
(node:10412) Warning: The 'NO_COLOR' env is ignored due to the 'FORCE_COLOR' env being set.
(Use `node --trace-warnings ...` to show where the warning was created)
(node:10409) Warning: The 'NO_COLOR' env is ignored due to the 'FORCE_COLOR' env being set.
(Use `node --trace-warnings ...` to show where the warning was created)
(node:10417) Warning: The 'NO_COLOR' env is ignored due to the 'FORCE_COLOR' env being set.
(Use `node --trace-warnings ...` to show where the warning was created)
(node:10416) Warning: The 'NO_COLOR' env is ignored due to the 'FORCE_COLOR' env being set.
(Use `node --trace-warnings ...` to show where the warning was created)
(node:10413) Warning: The 'NO_COLOR' env is ignored due to the 'FORCE_COLOR' env being set.
(Use `node --trace-warnings ...` to show where the warning was created)
(node:10410) Warning: The 'NO_COLOR' env is ignored due to the 'FORCE_COLOR' env being set.
(Use `node --trace-warnings ...` to show where the warning was created)
(node:10417) ExperimentalWarning: SQLite is an experimental feature and might change at any time
(node:10415) ExperimentalWarning: SQLite is an experimental feature and might change at any time
(node:10411) ExperimentalWarning: SQLite is an experimental feature and might change at any time
(node:10414) ExperimentalWarning: SQLite is an experimental feature and might change at any time
(node:10416) ExperimentalWarning: SQLite is an experimental feature and might change at any time
(node:10413) ExperimentalWarning: SQLite is an experimental feature and might change at any time
(node:10409) ExperimentalWarning: SQLite is an experimental feature and might change at any time
(node:10412) ExperimentalWarning: SQLite is an experimental feature and might change at any time
(node:10410) ExperimentalWarning: SQLite is an experimental feature and might change at any time
  ✓   7 [chromium] › tests/console.spec.ts:83:9 › S3-B8 the console is self-contained in a real browser › loading the queue page fetches exactly the page and one stylesheet, with no errors (540ms)
  ✓   3 [chromium] › tests/console.spec.ts:83:9 › S3-B8 the console is self-contained in a real browser › loading a Card page fetches exactly the page and one stylesheet, with no errors (547ms)
  ✓   2 [chromium] › tests/console.spec.ts:83:9 › S3-B8 the console is self-contained in a real browser › loading an entry inspector fetches exactly the page and one stylesheet, with no errors (566ms)
  ✓   4 [chromium] › tests/console.spec.ts:240:7 › S3-B9 failures are visible and fabricate nothing › an unknown Card is a visible not-found page with the queue and no Card identity (569ms)
  ✓   1 [chromium] › tests/console.spec.ts:256:7 › S3-B9 failures are visible and fabricate nothing › a corrupt entry is a visible storage-failed page that keeps the queue and fabricates nothing (590ms)
  ✓   5 [chromium] › tests/console.spec.ts:221:7 › S3-B6 the inspector is reachable by clicking and its envelope is visible › browser back from the inspector returns to the Card page with no inspector (627ms)
  ✓  11 [chromium] › tests/console.spec.ts:299:7 › S3-B9 failures are visible and fabricate nothing › an empty, migrated store shows a visibly empty queue (117ms)
  ✓   8 [chromium] › tests/console.spec.ts:119:7 › S3-B4/B5 the operator can read the queue and the stream › every queue row's title, task key, and last activity are visible and match the record (682ms)
  ✓  10 [chromium] › tests/console.spec.ts:279:7 › S3-B9 failures are visible and fabricate nothing › a queue the console cannot read is a visible storage-failed page with no queue (170ms)
  ✓   9 [chromium] › tests/console.spec.ts:181:7 › S3-B6 the inspector is reachable by clicking and its envelope is visible › clicking a stream row's inspect link lands on the entry route with a visible envelope (725ms)
  ✓   6 [chromium] › tests/console.spec.ts:148:7 › S3-B4/B5 the operator can read the queue and the stream › every stream row is visible with its sequence, summary, and provenance (764ms)

  11 passed (1.2s)
