cargo build -p daemar-card --bin card
    Finished `dev` profile [unoptimized + debuginfo] target(s) in 0.07s
cd browser && npx playwright test

Running 11 tests using 9 workers

(node:50527) ExperimentalWarning: SQLite is an experimental feature and might change at any time
(Use `node --trace-warnings ...` to show where the warning was created)
(node:50560) Warning: The 'NO_COLOR' env is ignored due to the 'FORCE_COLOR' env being set.
(Use `node --trace-warnings ...` to show where the warning was created)
(node:50567) Warning: The 'NO_COLOR' env is ignored due to the 'FORCE_COLOR' env being set.
(Use `node --trace-warnings ...` to show where the warning was created)
(node:50564) Warning: The 'NO_COLOR' env is ignored due to the 'FORCE_COLOR' env being set.
(Use `node --trace-warnings ...` to show where the warning was created)
(node:50561) Warning: The 'NO_COLOR' env is ignored due to the 'FORCE_COLOR' env being set.
(Use `node --trace-warnings ...` to show where the warning was created)
(node:50559) Warning: The 'NO_COLOR' env is ignored due to the 'FORCE_COLOR' env being set.
(Use `node --trace-warnings ...` to show where the warning was created)
(node:50565) Warning: The 'NO_COLOR' env is ignored due to the 'FORCE_COLOR' env being set.
(Use `node --trace-warnings ...` to show where the warning was created)
(node:50562) Warning: The 'NO_COLOR' env is ignored due to the 'FORCE_COLOR' env being set.
(Use `node --trace-warnings ...` to show where the warning was created)
(node:50563) Warning: The 'NO_COLOR' env is ignored due to the 'FORCE_COLOR' env being set.
(Use `node --trace-warnings ...` to show where the warning was created)
(node:50566) Warning: The 'NO_COLOR' env is ignored due to the 'FORCE_COLOR' env being set.
(Use `node --trace-warnings ...` to show where the warning was created)
(node:50559) ExperimentalWarning: SQLite is an experimental feature and might change at any time
(node:50561) ExperimentalWarning: SQLite is an experimental feature and might change at any time
(node:50567) ExperimentalWarning: SQLite is an experimental feature and might change at any time
(node:50560) ExperimentalWarning: SQLite is an experimental feature and might change at any time
(node:50562) ExperimentalWarning: SQLite is an experimental feature and might change at any time
(node:50563) ExperimentalWarning: SQLite is an experimental feature and might change at any time
(node:50565) ExperimentalWarning: SQLite is an experimental feature and might change at any time
(node:50566) ExperimentalWarning: SQLite is an experimental feature and might change at any time
(node:50564) ExperimentalWarning: SQLite is an experimental feature and might change at any time
  ✓   3 [chromium] › tests/console.spec.ts:256:7 › S3-B9 failures are visible and fabricate nothing › a corrupt entry is a visible storage-failed page that keeps the queue and fabricates nothing (289ms)
  ✓   8 [chromium] › tests/console.spec.ts:240:7 › S3-B9 failures are visible and fabricate nothing › an unknown Card is a visible not-found page with the queue and no Card identity (296ms)
  ✓   2 [chromium] › tests/console.spec.ts:83:9 › S3-B8 the console is self-contained in a real browser › loading the queue page fetches exactly the page and one stylesheet, with no errors (288ms)
  ✓   1 [chromium] › tests/console.spec.ts:83:9 › S3-B8 the console is self-contained in a real browser › loading a Card page fetches exactly the page and one stylesheet, with no errors (295ms)
  ✓   4 [chromium] › tests/console.spec.ts:83:9 › S3-B8 the console is self-contained in a real browser › loading an entry inspector fetches exactly the page and one stylesheet, with no errors (316ms)
  ✓   9 [chromium] › tests/console.spec.ts:119:7 › S3-B4/B5 the operator can read the queue and the stream › every queue row's title, task key, and last activity are visible and match the record (351ms)
  ✓   7 [chromium] › tests/console.spec.ts:221:7 › S3-B6 the inspector is reachable by clicking and its envelope is visible › browser back from the inspector returns to the Card page with no inspector (382ms)
  ✓  10 [chromium] › tests/console.spec.ts:299:7 › S3-B9 failures are visible and fabricate nothing › an empty, migrated store shows a visibly empty queue (121ms)
  ✓   6 [chromium] › tests/console.spec.ts:148:7 › S3-B4/B5 the operator can read the queue and the stream › every stream row is visible with its sequence, summary, and provenance (469ms)
  ✓  11 [chromium] › tests/console.spec.ts:279:7 › S3-B9 failures are visible and fabricate nothing › a queue the console cannot read is a visible storage-failed page with no queue (177ms)
  ✓   5 [chromium] › tests/console.spec.ts:181:7 › S3-B6 the inspector is reachable by clicking and its envelope is visible › clicking a stream row's inspect link lands on the entry route with a visible envelope (499ms)

  11 passed (990ms)
